Archive member included because of file (symbol)

c:/freescale/kds_v3/toolchain/bin/../lib/gcc/arm-none-eabi/4.8.4/../../../../arm-none-eabi/lib/armv6-m\libg_s.a(lib_a-exit.o)
                              c:/freescale/kds_v3/toolchain/bin/../lib/gcc/arm-none-eabi/4.8.4/../../../../arm-none-eabi/lib/armv6-m/crt0.o (exit)
c:/freescale/kds_v3/toolchain/bin/../lib/gcc/arm-none-eabi/4.8.4/../../../../arm-none-eabi/lib/armv6-m\libg_s.a(lib_a-impure.o)
                              c:/freescale/kds_v3/toolchain/bin/../lib/gcc/arm-none-eabi/4.8.4/../../../../arm-none-eabi/lib/armv6-m\libg_s.a(lib_a-exit.o) (_global_impure_ptr)
c:/freescale/kds_v3/toolchain/bin/../lib/gcc/arm-none-eabi/4.8.4/../../../../arm-none-eabi/lib/armv6-m\libg_s.a(lib_a-init.o)
                              c:/freescale/kds_v3/toolchain/bin/../lib/gcc/arm-none-eabi/4.8.4/../../../../arm-none-eabi/lib/armv6-m/crt0.o (__libc_init_array)
c:/freescale/kds_v3/toolchain/bin/../lib/gcc/arm-none-eabi/4.8.4/../../../../arm-none-eabi/lib/armv6-m\libg_s.a(lib_a-memcpy-stub.o)
                              ./sources/gpio_robocol.o (memcpy)
c:/freescale/kds_v3/toolchain/bin/../lib/gcc/arm-none-eabi/4.8.4/../../../../arm-none-eabi/lib/armv6-m\libg_s.a(lib_a-memset.o)
                              c:/freescale/kds_v3/toolchain/bin/../lib/gcc/arm-none-eabi/4.8.4/../../../../arm-none-eabi/lib/armv6-m/crt0.o (memset)
c:/freescale/kds_v3/toolchain/bin/../lib/gcc/arm-none-eabi/4.8.4/../../../../arm-none-eabi/lib/armv6-m\libg_s.a(lib_a-strlen.o)
                              ./utilities/fsl_debug_console.o (strlen)
c:/freescale/kds_v3/toolchain/bin/../lib/gcc/arm-none-eabi/4.8.4/armv6-m\libgcc.a(_udivsi3.o)
                              ./utilities/fsl_debug_console.o (__aeabi_uidiv)
c:/freescale/kds_v3/toolchain/bin/../lib/gcc/arm-none-eabi/4.8.4/armv6-m\libgcc.a(_divsi3.o)
                              ./utilities/fsl_debug_console.o (__aeabi_idiv)
c:/freescale/kds_v3/toolchain/bin/../lib/gcc/arm-none-eabi/4.8.4/armv6-m\libgcc.a(_dvmd_tls.o)
                              c:/freescale/kds_v3/toolchain/bin/../lib/gcc/arm-none-eabi/4.8.4/armv6-m\libgcc.a(_udivsi3.o) (__aeabi_idiv0)
c:/freescale/kds_v3/toolchain/bin/../lib/gcc/arm-none-eabi/4.8.4/../../../../arm-none-eabi/lib/armv6-m\libnosys.a(_exit.o)
                              c:/freescale/kds_v3/toolchain/bin/../lib/gcc/arm-none-eabi/4.8.4/../../../../arm-none-eabi/lib/armv6-m\libg_s.a(lib_a-exit.o) (_exit)

Discarded input sections

 .text          0x00000000        0x0 c:/freescale/kds_v3/toolchain/bin/../lib/gcc/arm-none-eabi/4.8.4/armv6-m/crti.o
 .data          0x00000000        0x0 c:/freescale/kds_v3/toolchain/bin/../lib/gcc/arm-none-eabi/4.8.4/armv6-m/crti.o
 .bss           0x00000000        0x0 c:/freescale/kds_v3/toolchain/bin/../lib/gcc/arm-none-eabi/4.8.4/armv6-m/crti.o
 .data          0x00000000        0x4 c:/freescale/kds_v3/toolchain/bin/../lib/gcc/arm-none-eabi/4.8.4/armv6-m/crtbegin.o
 .data          0x00000000        0x0 c:/freescale/kds_v3/toolchain/bin/../lib/gcc/arm-none-eabi/4.8.4/../../../../arm-none-eabi/lib/armv6-m/crt0.o
 .bss           0x00000000        0x0 c:/freescale/kds_v3/toolchain/bin/../lib/gcc/arm-none-eabi/4.8.4/../../../../arm-none-eabi/lib/armv6-m/crt0.o
 .ARM.extab     0x00000000        0x0 c:/freescale/kds_v3/toolchain/bin/../lib/gcc/arm-none-eabi/4.8.4/../../../../arm-none-eabi/lib/armv6-m/crt0.o
 .text          0x00000000        0x0 ./utilities/fsl_debug_console.o
 .data          0x00000000        0x0 ./utilities/fsl_debug_console.o
 .bss           0x00000000        0x0 ./utilities/fsl_debug_console.o
 .text.DbgConsole_Deinit
                0x00000000       0x60 ./utilities/fsl_debug_console.o
 .text.DbgConsole_Scanf
                0x00000000       0xd0 ./utilities/fsl_debug_console.o
 .text.DbgConsole_Getchar
                0x00000000       0x48 ./utilities/fsl_debug_console.o
 .text.DbgConsole_ScanIgnoreWhiteSpace
                0x00000000       0x8c ./utilities/fsl_debug_console.o
 .text.DbgConsole_ScanfFormattedData
                0x00000000      0x550 ./utilities/fsl_debug_console.o
 .rodata.DbgConsole_ScanfFormattedData
                0x00000000      0x124 ./utilities/fsl_debug_console.o
 .text._write   0x00000000       0x5c ./utilities/fsl_debug_console.o
 .text._read    0x00000000       0x48 ./utilities/fsl_debug_console.o
 .text          0x00000000        0x0 ./sources/board.o
 .data          0x00000000        0x0 ./sources/board.o
 .bss           0x00000000        0x0 ./sources/board.o
 .text          0x00000000        0x0 ./sources/clock_config.o
 .data          0x00000000        0x0 ./sources/clock_config.o
 .bss           0x00000000        0x0 ./sources/clock_config.o
 .text.SMC_SetPowerModeProtection
                0x00000000       0x1c ./sources/clock_config.o
 .text.SMC_GetPowerModeState
                0x00000000       0x18 ./sources/clock_config.o
 .rodata.mcgConfig_BOARD_BootClockVLPR
                0x00000000        0xc ./sources/clock_config.o
 .rodata.simConfig_BOARD_BootClockVLPR
                0x00000000        0x8 ./sources/clock_config.o
 .rodata.oscConfig_BOARD_BootClockVLPR
                0x00000000        0x8 ./sources/clock_config.o
 .text.BOARD_BootClockVLPR
                0x00000000       0x5c ./sources/clock_config.o
 .text          0x00000000        0x0 ./sources/gpio_robocol.o
 .data          0x00000000        0x0 ./sources/gpio_robocol.o
 .bss           0x00000000        0x0 ./sources/gpio_robocol.o
 .text.GPIO_ReadPinInput
                0x00000000       0x20 ./sources/gpio_robocol.o
 .text.FGPIO_WritePinOutput
                0x00000000       0x40 ./sources/gpio_robocol.o
 .rodata.s_portBases
                0x00000000       0x14 ./sources/gpio_robocol.o
 .rodata.s_gpioBases
                0x00000000       0x14 ./sources/gpio_robocol.o
 .text.GPIO_GetInstance
                0x00000000       0x58 ./sources/gpio_robocol.o
 .text.GPIO_GetPinsInterruptFlags
                0x00000000       0x38 ./sources/gpio_robocol.o
 .text.GPIO_ClearPinsInterruptFlags
                0x00000000       0x3c ./sources/gpio_robocol.o
 .rodata.s_fgpioBases
                0x00000000       0x14 ./sources/gpio_robocol.o
 .text.FGPIO_GetInstance
                0x00000000       0x58 ./sources/gpio_robocol.o
 .text.FGPIO_PinInit
                0x00000000       0x78 ./sources/gpio_robocol.o
 .text.FGPIO_GetPinsInterruptFlags
                0x00000000       0x38 ./sources/gpio_robocol.o
 .text.FGPIO_ClearPinsInterruptFlags
                0x00000000       0x3c ./sources/gpio_robocol.o
 .data.GPIO3_Motor2
                0x00000000        0xc ./sources/gpio_robocol.o
 .data.GPIO4_Motor2
                0x00000000        0xc ./sources/gpio_robocol.o
 .data.GPIO5_Motor3
                0x00000000        0xc ./sources/gpio_robocol.o
 .data.GPIO6_Motor3
                0x00000000        0xc ./sources/gpio_robocol.o
 .data.GPIO7_Motor4
                0x00000000        0xc ./sources/gpio_robocol.o
 .data.GPIO8_Motor4
                0x00000000        0xc ./sources/gpio_robocol.o
 .data.GPIO10_Motor6
                0x00000000        0xc ./sources/gpio_robocol.o
 .data.GPIO11_Motor6
                0x00000000        0xc ./sources/gpio_robocol.o
 .data.GPIO12_Motor6
                0x00000000        0xc ./sources/gpio_robocol.o
 .data.GPIO13_LED
                0x00000000        0xc ./sources/gpio_robocol.o
 .text.gpio_writePin
                0x00000000       0x3c ./sources/gpio_robocol.o
 .text.gpio_setPin
                0x00000000       0x1c ./sources/gpio_robocol.o
 .text.gpio_clearPin
                0x00000000       0x1c ./sources/gpio_robocol.o
 .text.gpio_readPin
                0x00000000       0x38 ./sources/gpio_robocol.o
 .text.gpio_switchPinDir
                0x00000000       0x40 ./sources/gpio_robocol.o
 .rodata.__func__.5294
                0x00000000       0x14 ./sources/gpio_robocol.o
 .rodata.__func__.5322
                0x00000000       0x14 ./sources/gpio_robocol.o
 .rodata.__func__.5328
                0x00000000       0x10 ./sources/gpio_robocol.o
 .text          0x00000000        0x0 ./sources/pin_mux.o
 .data          0x00000000        0x0 ./sources/pin_mux.o
 .bss           0x00000000        0x0 ./sources/pin_mux.o
 .text          0x00000000        0x0 ./sources/prueba_puente_h.o
 .data          0x00000000        0x0 ./sources/prueba_puente_h.o
 .bss           0x00000000        0x0 ./sources/prueba_puente_h.o
 .text.GPIO_WritePinOutput
                0x00000000       0x34 ./sources/prueba_puente_h.o
 .text.FGPIO_WritePinOutput
                0x00000000       0x40 ./sources/prueba_puente_h.o
 .data.PWM_PTE29
                0x00000000       0x18 ./sources/prueba_puente_h.o
 .data.PWM_PTA5
                0x00000000       0x18 ./sources/prueba_puente_h.o
 .data.PWM_PTC8
                0x00000000       0x18 ./sources/prueba_puente_h.o
 .data.PWM_PTD2
                0x00000000       0x18 ./sources/prueba_puente_h.o
 .data.PWM_PTD4
                0x00000000       0x18 ./sources/prueba_puente_h.o
 .data.PWM_PTA12
                0x00000000       0x18 ./sources/prueba_puente_h.o
 .rodata.s_portBases
                0x00000000       0x14 ./sources/prueba_puente_h.o
 .rodata.s_gpioBases
                0x00000000       0x14 ./sources/prueba_puente_h.o
 .text.GPIO_GetInstance
                0x00000000       0x58 ./sources/prueba_puente_h.o
 .text.GPIO_PinInit
                0x00000000       0x78 ./sources/prueba_puente_h.o
 .text.GPIO_GetPinsInterruptFlags
                0x00000000       0x38 ./sources/prueba_puente_h.o
 .text.GPIO_ClearPinsInterruptFlags
                0x00000000       0x3c ./sources/prueba_puente_h.o
 .rodata.s_fgpioBases
                0x00000000       0x14 ./sources/prueba_puente_h.o
 .text.FGPIO_GetInstance
                0x00000000       0x58 ./sources/prueba_puente_h.o
 .text.FGPIO_PinInit
                0x00000000       0x78 ./sources/prueba_puente_h.o
 .text.FGPIO_GetPinsInterruptFlags
                0x00000000       0x38 ./sources/prueba_puente_h.o
 .text.FGPIO_ClearPinsInterruptFlags
                0x00000000       0x3c ./sources/prueba_puente_h.o
 .data.GPIO1_Motor1
                0x00000000        0xc ./sources/prueba_puente_h.o
 .data.GPIO2_Motor1
                0x00000000        0xc ./sources/prueba_puente_h.o
 .data.GPIO3_Motor2
                0x00000000        0xc ./sources/prueba_puente_h.o
 .data.GPIO4_Motor2
                0x00000000        0xc ./sources/prueba_puente_h.o
 .data.GPIO5_Motor3
                0x00000000        0xc ./sources/prueba_puente_h.o
 .data.GPIO6_Motor3
                0x00000000        0xc ./sources/prueba_puente_h.o
 .data.GPIO7_Motor4
                0x00000000        0xc ./sources/prueba_puente_h.o
 .data.GPIO8_Motor4
                0x00000000        0xc ./sources/prueba_puente_h.o
 .data.GPIO9_Motor5
                0x00000000        0xc ./sources/prueba_puente_h.o
 .data.GPIO10_Motor6
                0x00000000        0xc ./sources/prueba_puente_h.o
 .data.GPIO11_Motor6
                0x00000000        0xc ./sources/prueba_puente_h.o
 .data.GPIO12_Motor6
                0x00000000        0xc ./sources/prueba_puente_h.o
 .data.GPIO13_LED
                0x00000000        0xc ./sources/prueba_puente_h.o
 .data.brightnessUp
                0x00000000        0x1 ./sources/prueba_puente_h.o
 .data.updatedDutycycle
                0x00000000        0x1 ./sources/prueba_puente_h.o
 .bss.getCharValue
                0x00000000        0x1 ./sources/prueba_puente_h.o
 .rodata.__func__.5600
                0x00000000       0x14 ./sources/prueba_puente_h.o
 .rodata.__func__.5606
                0x00000000       0x10 ./sources/prueba_puente_h.o
 .rodata.__func__.5628
                0x00000000       0x14 ./sources/prueba_puente_h.o
 .rodata.__func__.5634
                0x00000000       0x10 ./sources/prueba_puente_h.o
 .text          0x00000000        0x0 ./sources/pwm_robocol.o
 .data          0x00000000        0x0 ./sources/pwm_robocol.o
 .bss           0x00000000        0x0 ./sources/pwm_robocol.o
 .text.CLOCK_SetTpmClock
                0x00000000       0x38 ./sources/pwm_robocol.o
 .text.GPIO_WritePinOutput
                0x00000000       0x34 ./sources/pwm_robocol.o
 .text.FGPIO_WritePinOutput
                0x00000000       0x40 ./sources/pwm_robocol.o
 .text.TPM_StartTimer
                0x00000000       0x38 ./sources/pwm_robocol.o
 .text.PORT_SetPinMux
                0x00000000       0x3c ./sources/pwm_robocol.o
 .data.PWM_PTE29
                0x00000000       0x18 ./sources/pwm_robocol.o
 .data.PWM_PTA5
                0x00000000       0x18 ./sources/pwm_robocol.o
 .data.PWM_PTC8
                0x00000000       0x18 ./sources/pwm_robocol.o
 .data.PWM_PTD2
                0x00000000       0x18 ./sources/pwm_robocol.o
 .data.PWM_PTD4
                0x00000000       0x18 ./sources/pwm_robocol.o
 .data.PWM_PTA12
                0x00000000       0x18 ./sources/pwm_robocol.o
 .rodata.s_portBases
                0x00000000       0x14 ./sources/pwm_robocol.o
 .rodata.s_gpioBases
                0x00000000       0x14 ./sources/pwm_robocol.o
 .rodata        0x00000000      0x190 ./sources/pwm_robocol.o
 .text.GPIO_GetInstance
                0x00000000       0x58 ./sources/pwm_robocol.o
 .text.GPIO_PinInit
                0x00000000       0x78 ./sources/pwm_robocol.o
 .text.GPIO_GetPinsInterruptFlags
                0x00000000       0x38 ./sources/pwm_robocol.o
 .text.GPIO_ClearPinsInterruptFlags
                0x00000000       0x3c ./sources/pwm_robocol.o
 .rodata.s_fgpioBases
                0x00000000       0x14 ./sources/pwm_robocol.o
 .text.FGPIO_GetInstance
                0x00000000       0x58 ./sources/pwm_robocol.o
 .text.FGPIO_PinInit
                0x00000000       0x78 ./sources/pwm_robocol.o
 .text.FGPIO_GetPinsInterruptFlags
                0x00000000       0x38 ./sources/pwm_robocol.o
 .text.FGPIO_ClearPinsInterruptFlags
                0x00000000       0x3c ./sources/pwm_robocol.o
 .data.GPIO1_Motor1
                0x00000000        0xc ./sources/pwm_robocol.o
 .data.GPIO2_Motor1
                0x00000000        0xc ./sources/pwm_robocol.o
 .data.GPIO3_Motor2
                0x00000000        0xc ./sources/pwm_robocol.o
 .data.GPIO4_Motor2
                0x00000000        0xc ./sources/pwm_robocol.o
 .data.GPIO5_Motor3
                0x00000000        0xc ./sources/pwm_robocol.o
 .data.GPIO6_Motor3
                0x00000000        0xc ./sources/pwm_robocol.o
 .data.GPIO7_Motor4
                0x00000000        0xc ./sources/pwm_robocol.o
 .data.GPIO8_Motor4
                0x00000000        0xc ./sources/pwm_robocol.o
 .data.GPIO9_Motor5
                0x00000000        0xc ./sources/pwm_robocol.o
 .data.GPIO10_Motor6
                0x00000000        0xc ./sources/pwm_robocol.o
 .data.GPIO11_Motor6
                0x00000000        0xc ./sources/pwm_robocol.o
 .data.GPIO12_Motor6
                0x00000000        0xc ./sources/pwm_robocol.o
 .data.GPIO13_LED
                0x00000000        0xc ./sources/pwm_robocol.o
 .data.brightnessUp
                0x00000000        0x1 ./sources/pwm_robocol.o
 .data.updatedDutycycle
                0x00000000        0x1 ./sources/pwm_robocol.o
 .bss.getCharValue
                0x00000000        0x1 ./sources/pwm_robocol.o
 .text.main     0x00000000       0x60 ./sources/pwm_robocol.o
 .text.pwm_init
                0x00000000       0x8c ./sources/pwm_robocol.o
 .text.pwm_updatedDutycycle
                0x00000000       0x74 ./sources/pwm_robocol.o
 .rodata.__func__.5600
                0x00000000       0x14 ./sources/pwm_robocol.o
 .rodata.__func__.5606
                0x00000000       0x10 ./sources/pwm_robocol.o
 .rodata.__func__.5628
                0x00000000       0x14 ./sources/pwm_robocol.o
 .rodata.__func__.5634
                0x00000000       0x10 ./sources/pwm_robocol.o
 .debug_info    0x00000000     0x1127 ./sources/pwm_robocol.o
 .debug_abbrev  0x00000000      0x243 ./sources/pwm_robocol.o
 .debug_aranges
                0x00000000       0x98 ./sources/pwm_robocol.o
 .debug_ranges  0x00000000       0x88 ./sources/pwm_robocol.o
 .debug_line    0x00000000      0x2e2 ./sources/pwm_robocol.o
 .debug_str     0x00000000     0x13cd ./sources/pwm_robocol.o
 .comment       0x00000000       0x71 ./sources/pwm_robocol.o
 .ARM.attributes
                0x00000000       0x32 ./sources/pwm_robocol.o
 .debug_frame   0x00000000      0x20c ./sources/pwm_robocol.o
 .text          0x00000000        0x0 ./drivers/fsl_clock.o
 .data          0x00000000        0x0 ./drivers/fsl_clock.o
 .bss           0x00000000        0x0 ./drivers/fsl_clock.o
 .text.CLOCK_EnableClock
                0x00000000       0x34 ./drivers/fsl_clock.o
 .text.CLOCK_DisableClock
                0x00000000       0x38 ./drivers/fsl_clock.o
 .data.s_fastIrcFreq
                0x00000000        0x4 ./drivers/fsl_clock.o
 .bss.g_xtal32Freq
                0x00000000        0x4 ./drivers/fsl_clock.o
 .text.CLOCK_FllStableDelay
                0x00000000       0x24 ./drivers/fsl_clock.o
 .text.CLOCK_GetInternalRefClkSelectFreq
                0x00000000       0x44 ./drivers/fsl_clock.o
 .text.CLOCK_GetOsc0ErClkFreq
                0x00000000       0x4c ./drivers/fsl_clock.o
 .text.CLOCK_GetEr32kClkFreq
                0x00000000       0x84 ./drivers/fsl_clock.o
 .text.CLOCK_GetPlatClkFreq
                0x00000000       0x2c ./drivers/fsl_clock.o
 .text.CLOCK_GetFlashClkFreq
                0x00000000       0x50 ./drivers/fsl_clock.o
 .text.CLOCK_GetBusClkFreq
                0x00000000       0x50 ./drivers/fsl_clock.o
 .text.CLOCK_GetCoreSysClkFreq
                0x00000000       0x2c ./drivers/fsl_clock.o
 .text.CLOCK_GetFreq
                0x00000000       0xe0 ./drivers/fsl_clock.o
 .rodata.CLOCK_GetFreq
                0x00000000       0x34 ./drivers/fsl_clock.o
 .text.CLOCK_EnableUsbfs0Clock
                0x00000000       0x84 ./drivers/fsl_clock.o
 .text.CLOCK_GetOutClkFreq
                0x00000000       0x64 ./drivers/fsl_clock.o
 .text.CLOCK_GetInternalRefClkFreq
                0x00000000       0x28 ./drivers/fsl_clock.o
 .text.CLOCK_GetFixedFreqClkFreq
                0x00000000       0x30 ./drivers/fsl_clock.o
 .text.CLOCK_CalcPllDiv
                0x00000000      0x1d4 ./drivers/fsl_clock.o
 .text.CLOCK_SetOsc0MonitorMode
                0x00000000       0x7c ./drivers/fsl_clock.o
 .text.CLOCK_SetPll0MonitorMode
                0x00000000       0x88 ./drivers/fsl_clock.o
 .text.CLOCK_GetStatusFlags
                0x00000000       0x6c ./drivers/fsl_clock.o
 .text.CLOCK_ClearStatusFlags
                0x00000000       0x38 ./drivers/fsl_clock.o
 .text.CLOCK_DeinitOsc0
                0x00000000       0x28 ./drivers/fsl_clock.o
 .text.CLOCK_TrimInternalRefClk
                0x00000000      0x170 ./drivers/fsl_clock.o
 .text.CLOCK_GetMode
                0x00000000       0xdc ./drivers/fsl_clock.o
 .text.CLOCK_SetFeiMode
                0x00000000       0xe4 ./drivers/fsl_clock.o
 .text.CLOCK_SetFeeMode
                0x00000000      0x12c ./drivers/fsl_clock.o
 .text.CLOCK_SetFbiMode
                0x00000000       0xf8 ./drivers/fsl_clock.o
 .text.CLOCK_SetFbeMode
                0x00000000      0x148 ./drivers/fsl_clock.o
 .text.CLOCK_SetBlpiMode
                0x00000000       0x20 ./drivers/fsl_clock.o
 .text.CLOCK_SetBlpeMode
                0x00000000       0x20 ./drivers/fsl_clock.o
 .text.CLOCK_SetPeeMode
                0x00000000       0x34 ./drivers/fsl_clock.o
 .text.CLOCK_ExternalModeToFbeModeQuick
                0x00000000       0x6c ./drivers/fsl_clock.o
 .text.CLOCK_InternalModeToFbiModeQuick
                0x00000000       0x4c ./drivers/fsl_clock.o
 .text.CLOCK_BootToFeiMode
                0x00000000       0x34 ./drivers/fsl_clock.o
 .text.CLOCK_BootToFeeMode
                0x00000000       0x44 ./drivers/fsl_clock.o
 .text.CLOCK_BootToBlpiMode
                0x00000000       0x70 ./drivers/fsl_clock.o
 .text.CLOCK_BootToBlpeMode
                0x00000000       0x7c ./drivers/fsl_clock.o
 .rodata.mcgModeMatrix
                0x00000000       0x40 ./drivers/fsl_clock.o
 .text.CLOCK_SetMcgConfig
                0x00000000      0x1d8 ./drivers/fsl_clock.o
 .rodata.CLOCK_SetMcgConfig
                0x00000000       0x20 ./drivers/fsl_clock.o
 .rodata.__func__.5282
                0x00000000       0x18 ./drivers/fsl_clock.o
 .rodata.__func__.5290
                0x00000000       0x18 ./drivers/fsl_clock.o
 .rodata.trimRange.5449
                0x00000000       0x10 ./drivers/fsl_clock.o
 .text          0x00000000        0x0 ./drivers/fsl_common.o
 .data          0x00000000        0x0 ./drivers/fsl_common.o
 .bss           0x00000000        0x0 ./drivers/fsl_common.o
 .text.DisableGlobalIRQ
                0x00000000       0x1c ./drivers/fsl_common.o
 .text.EnableGlobalIRQ
                0x00000000       0x18 ./drivers/fsl_common.o
 .text.InstallIRQHandler
                0x00000000       0x98 ./drivers/fsl_common.o
 .text          0x00000000        0x0 ./drivers/fsl_flash.o
 .data          0x00000000        0x0 ./drivers/fsl_flash.o
 .bss           0x00000000        0x0 ./drivers/fsl_flash.o
 .rodata.kFCCOBx
                0x00000000        0x4 ./drivers/fsl_flash.o
 .rodata.kFPROTL
                0x00000000        0x4 ./drivers/fsl_flash.o
 .bss.callFlashRunCommand
                0x00000000        0x4 ./drivers/fsl_flash.o
 .bss.callFlashCommonBitOperation
                0x00000000        0x4 ./drivers/fsl_flash.o
 .rodata.s_flashRunCommandFunctionCode
                0x00000000        0xc ./drivers/fsl_flash.o
 .rodata.s_flashCommonBitOperationFunctionCode
                0x00000000       0x1c ./drivers/fsl_flash.o
 .bss.s_flashRunCommand
                0x00000000       0x40 ./drivers/fsl_flash.o
 .bss.s_flashCommonBitOperation
                0x00000000       0x40 ./drivers/fsl_flash.o
 .bss.s_flashExecuteInRamFunctionInfo
                0x00000000        0xc ./drivers/fsl_flash.o
 .rodata.kPFlashDensities
                0x00000000       0x20 ./drivers/fsl_flash.o
 .text.FLASH_Init
                0x00000000       0xd0 ./drivers/fsl_flash.o
 .text.FLASH_SetCallback
                0x00000000       0x24 ./drivers/fsl_flash.o
 .text.FLASH_PrepareExecuteInRamFunctions
                0x00000000       0x3c ./drivers/fsl_flash.o
 .text.FLASH_EraseAll
                0x00000000       0x60 ./drivers/fsl_flash.o
 .text.FLASH_Erase
                0x00000000       0xfc ./drivers/fsl_flash.o
 .text.FLASH_EraseAllExecuteOnlySegments
                0x00000000       0x60 ./drivers/fsl_flash.o
 .text.FLASH_Program
                0x00000000      0x108 ./drivers/fsl_flash.o
 .text.FLASH_ProgramOnce
                0x00000000       0x8c ./drivers/fsl_flash.o
 .text.FLASH_ReadResource
                0x00000000      0x104 ./drivers/fsl_flash.o
 .text.FLASH_ReadOnce
                0x00000000       0x7c ./drivers/fsl_flash.o
 .text.FLASH_GetSecurityState
                0x00000000       0x64 ./drivers/fsl_flash.o
 .text.FLASH_SecurityBypass
                0x00000000       0xb0 ./drivers/fsl_flash.o
 .text.FLASH_VerifyEraseAll
                0x00000000       0x40 ./drivers/fsl_flash.o
 .text.FLASH_VerifyErase
                0x00000000      0x118 ./drivers/fsl_flash.o
 .text.FLASH_VerifyProgram
                0x00000000       0xec ./drivers/fsl_flash.o
 .text.FLASH_VerifyEraseAllExecuteOnlySegments
                0x00000000       0x40 ./drivers/fsl_flash.o
 .text.FLASH_IsProtected
                0x00000000      0x2c4 ./drivers/fsl_flash.o
 .text.FLASH_IsExecuteOnly
                0x00000000       0x48 ./drivers/fsl_flash.o
 .text.FLASH_GetProperty
                0x00000000       0xb0 ./drivers/fsl_flash.o
 .rodata.FLASH_GetProperty
                0x00000000       0x28 ./drivers/fsl_flash.o
 .text.FLASH_SetProperty
                0x00000000       0x64 ./drivers/fsl_flash.o
 .text.FLASH_PflashSetProtection
                0x00000000       0x3c ./drivers/fsl_flash.o
 .text.FLASH_PflashGetProtection
                0x00000000       0x30 ./drivers/fsl_flash.o
 .text.FLASH_PflashSetPrefetchSpeculation
                0x00000000       0x78 ./drivers/fsl_flash.o
 .text.FLASH_PflashGetPrefetchSpeculation
                0x00000000       0x5c ./drivers/fsl_flash.o
 .text.copy_flash_run_command
                0x00000000       0x30 ./drivers/fsl_flash.o
 .text.flash_command_sequence
                0x00000000       0x7c ./drivers/fsl_flash.o
 .text.copy_flash_common_bit_operation
                0x00000000       0x3c ./drivers/fsl_flash.o
 .text.mcm_flash_cache_clear
                0x00000000       0x30 ./drivers/fsl_flash.o
 .text.flash_cache_clear
                0x00000000       0x18 ./drivers/fsl_flash.o
 .text.flash_cache_clear_process
                0x00000000       0x38 ./drivers/fsl_flash.o
 .text.flash_check_execute_in_ram_function_info
                0x00000000       0x38 ./drivers/fsl_flash.o
 .text.flash_check_range
                0x00000000       0x5c ./drivers/fsl_flash.o
 .text.flash_get_matched_operation_info
                0x00000000       0x78 ./drivers/fsl_flash.o
 .text.flash_check_user_key
                0x00000000       0x24 ./drivers/fsl_flash.o
 .text.flash_check_resource_range
                0x00000000       0x94 ./drivers/fsl_flash.o
 .text.flash_get_protection_info
                0x00000000       0x68 ./drivers/fsl_flash.o
 .debug_info    0x00000000     0x195f ./drivers/fsl_flash.o
 .debug_abbrev  0x00000000      0x227 ./drivers/fsl_flash.o
 .debug_aranges
                0x00000000      0x138 ./drivers/fsl_flash.o
 .debug_ranges  0x00000000      0x128 ./drivers/fsl_flash.o
 .debug_line    0x00000000      0x5ef ./drivers/fsl_flash.o
 .debug_str     0x00000000     0x1e52 ./drivers/fsl_flash.o
 .comment       0x00000000       0x71 ./drivers/fsl_flash.o
 .ARM.attributes
                0x00000000       0x32 ./drivers/fsl_flash.o
 .debug_frame   0x00000000      0x490 ./drivers/fsl_flash.o
 .text          0x00000000        0x0 ./drivers/fsl_gpio.o
 .data          0x00000000        0x0 ./drivers/fsl_gpio.o
 .bss           0x00000000        0x0 ./drivers/fsl_gpio.o
 .text.GPIO_WritePinOutput
                0x00000000       0x34 ./drivers/fsl_gpio.o
 .text.FGPIO_WritePinOutput
                0x00000000       0x40 ./drivers/fsl_gpio.o
 .rodata.s_portBases
                0x00000000       0x14 ./drivers/fsl_gpio.o
 .rodata.s_gpioBases
                0x00000000       0x14 ./drivers/fsl_gpio.o
 .rodata        0x00000000       0x68 ./drivers/fsl_gpio.o
 .text.GPIO_GetInstance
                0x00000000       0x58 ./drivers/fsl_gpio.o
 .text.GPIO_PinInit
                0x00000000       0x78 ./drivers/fsl_gpio.o
 .text.GPIO_GetPinsInterruptFlags
                0x00000000       0x38 ./drivers/fsl_gpio.o
 .text.GPIO_ClearPinsInterruptFlags
                0x00000000       0x3c ./drivers/fsl_gpio.o
 .rodata.s_fgpioBases
                0x00000000       0x14 ./drivers/fsl_gpio.o
 .text.FGPIO_GetInstance
                0x00000000       0x58 ./drivers/fsl_gpio.o
 .text.FGPIO_PinInit
                0x00000000       0x78 ./drivers/fsl_gpio.o
 .text.FGPIO_GetPinsInterruptFlags
                0x00000000       0x38 ./drivers/fsl_gpio.o
 .text.FGPIO_ClearPinsInterruptFlags
                0x00000000       0x3c ./drivers/fsl_gpio.o
 .rodata.__func__.5294
                0x00000000       0x14 ./drivers/fsl_gpio.o
 .rodata.__func__.5300
                0x00000000       0x10 ./drivers/fsl_gpio.o
 .rodata.__func__.5322
                0x00000000       0x14 ./drivers/fsl_gpio.o
 .rodata.__func__.5328
                0x00000000       0x10 ./drivers/fsl_gpio.o
 .debug_info    0x00000000      0x75f ./drivers/fsl_gpio.o
 .debug_abbrev  0x00000000      0x1b7 ./drivers/fsl_gpio.o
 .debug_aranges
                0x00000000       0x68 ./drivers/fsl_gpio.o
 .debug_ranges  0x00000000       0x58 ./drivers/fsl_gpio.o
 .debug_line    0x00000000      0x1d8 ./drivers/fsl_gpio.o
 .debug_str     0x00000000      0x88d ./drivers/fsl_gpio.o
 .comment       0x00000000       0x71 ./drivers/fsl_gpio.o
 .ARM.attributes
                0x00000000       0x32 ./drivers/fsl_gpio.o
 .debug_frame   0x00000000      0x150 ./drivers/fsl_gpio.o
 .text          0x00000000        0x0 ./drivers/fsl_lpsci.o
 .data          0x00000000        0x0 ./drivers/fsl_lpsci.o
 .bss           0x00000000        0x0 ./drivers/fsl_lpsci.o
 .text.NVIC_EnableIRQ
                0x00000000       0x2c ./drivers/fsl_lpsci.o
 .text.CLOCK_DisableClock
                0x00000000       0x38 ./drivers/fsl_lpsci.o
 .text.EnableIRQ
                0x00000000       0x2c ./drivers/fsl_lpsci.o
 .rodata.s_lpsciBases
                0x00000000        0x4 ./drivers/fsl_lpsci.o
 .rodata.s_lpsciIRQ
                0x00000000        0x4 ./drivers/fsl_lpsci.o
 .rodata.s_lpsciClock
                0x00000000        0x4 ./drivers/fsl_lpsci.o
 .text.LPSCI_TransferGetRxRingBufferLength
                0x00000000       0x70 ./drivers/fsl_lpsci.o
 .text.LPSCI_TransferIsRxRingBufferFull
                0x00000000       0x5c ./drivers/fsl_lpsci.o
 .text.LPSCI_ReadNonBlocking
                0x00000000       0x54 ./drivers/fsl_lpsci.o
 .text.LPSCI_WriteNonBlocking
                0x00000000       0x54 ./drivers/fsl_lpsci.o
 .text.LPSCI_Deinit
                0x00000000       0x34 ./drivers/fsl_lpsci.o
 .text.LPSCI_SetBaudRate
                0x00000000      0x1c4 ./drivers/fsl_lpsci.o
 .text.LPSCI_EnableInterrupts
                0x00000000       0x58 ./drivers/fsl_lpsci.o
 .text.LPSCI_DisableInterrupts
                0x00000000       0x64 ./drivers/fsl_lpsci.o
 .text.LPSCI_GetEnabledInterrupts
                0x00000000       0x38 ./drivers/fsl_lpsci.o
 .text.LPSCI_TransferCreateHandle
                0x00000000       0x90 ./drivers/fsl_lpsci.o
 .text.LPSCI_TransferStartRingBuffer
                0x00000000       0x94 ./drivers/fsl_lpsci.o
 .text.LPSCI_TransferStopRingBuffer
                0x00000000       0x84 ./drivers/fsl_lpsci.o
 .text.LPSCI_TransferSendNonBlocking
                0x00000000       0xd0 ./drivers/fsl_lpsci.o
 .text.LPSCI_TransferAbortSend
                0x00000000       0x50 ./drivers/fsl_lpsci.o
 .text.LPSCI_TransferGetSendCount
                0x00000000       0x70 ./drivers/fsl_lpsci.o
 .text.LPSCI_TransferReceiveNonBlocking
                0x00000000      0x1f8 ./drivers/fsl_lpsci.o
 .text.LPSCI_TransferAbortReceive
                0x00000000       0x74 ./drivers/fsl_lpsci.o
 .text.LPSCI_TransferGetReceiveCount
                0x00000000       0x70 ./drivers/fsl_lpsci.o
 .text.LPSCI_TransferHandleIRQ
                0x00000000      0x3b4 ./drivers/fsl_lpsci.o
 .text.LPSCI_TransferHandleErrorIRQ
                0x00000000       0x10 ./drivers/fsl_lpsci.o
 .rodata.__func__.5434
                0x00000000       0x24 ./drivers/fsl_lpsci.o
 .rodata.__func__.5439
                0x00000000       0x24 ./drivers/fsl_lpsci.o
 .rodata.__func__.5446
                0x00000000       0x18 ./drivers/fsl_lpsci.o
 .rodata.__func__.5456
                0x00000000       0x18 ./drivers/fsl_lpsci.o
 .rodata.__func__.5493
                0x00000000       0x14 ./drivers/fsl_lpsci.o
 .rodata.__func__.5558
                0x00000000       0x1c ./drivers/fsl_lpsci.o
 .rodata.__func__.5566
                0x00000000       0x20 ./drivers/fsl_lpsci.o
 .rodata.__func__.5571
                0x00000000       0x20 ./drivers/fsl_lpsci.o
 .rodata.__func__.5577
                0x00000000       0x20 ./drivers/fsl_lpsci.o
 .rodata.__func__.5583
                0x00000000       0x18 ./drivers/fsl_lpsci.o
 .rodata.__func__.5589
                0x00000000       0x1c ./drivers/fsl_lpsci.o
 .rodata.__func__.5596
                0x00000000       0x24 ./drivers/fsl_lpsci.o
 .rodata.__func__.5609
                0x00000000       0x1c ./drivers/fsl_lpsci.o
 .rodata.__func__.5615
                0x00000000       0x20 ./drivers/fsl_lpsci.o
 .rodata.__func__.5620
                0x00000000       0x18 ./drivers/fsl_lpsci.o
 .text          0x00000000        0x0 ./drivers/fsl_smc.o
 .data          0x00000000        0x0 ./drivers/fsl_smc.o
 .bss           0x00000000        0x0 ./drivers/fsl_smc.o
 .rodata        0x00000000        0x4 ./drivers/fsl_smc.o
 .text.SMC_PreEnterStopModes
                0x00000000       0x34 ./drivers/fsl_smc.o
 .text.SMC_PostExitStopModes
                0x00000000       0x28 ./drivers/fsl_smc.o
 .text.SMC_SetPowerModeRun
                0x00000000       0x44 ./drivers/fsl_smc.o
 .text.SMC_SetPowerModeWait
                0x00000000       0x2c ./drivers/fsl_smc.o
 .text.SMC_SetPowerModeStop
                0x00000000       0xb8 ./drivers/fsl_smc.o
 .text.SMC_SetPowerModeVlpr
                0x00000000       0x48 ./drivers/fsl_smc.o
 .text.SMC_SetPowerModeVlpw
                0x00000000       0x2c ./drivers/fsl_smc.o
 .text.SMC_SetPowerModeVlps
                0x00000000       0x7c ./drivers/fsl_smc.o
 .text.SMC_SetPowerModeLls
                0x00000000       0x7c ./drivers/fsl_smc.o
 .text.SMC_SetPowerModeVlls
                0x00000000       0xe4 ./drivers/fsl_smc.o
 .debug_info    0x00000000      0x6b6 ./drivers/fsl_smc.o
 .debug_abbrev  0x00000000      0x1d6 ./drivers/fsl_smc.o
 .debug_aranges
                0x00000000       0x68 ./drivers/fsl_smc.o
 .debug_ranges  0x00000000       0x58 ./drivers/fsl_smc.o
 .debug_line    0x00000000      0x281 ./drivers/fsl_smc.o
 .debug_str     0x00000000      0x6d2 ./drivers/fsl_smc.o
 .comment       0x00000000       0x71 ./drivers/fsl_smc.o
 .ARM.attributes
                0x00000000       0x32 ./drivers/fsl_smc.o
 .debug_frame   0x00000000      0x150 ./drivers/fsl_smc.o
 .text          0x00000000        0x0 ./drivers/fsl_tpm.o
 .data          0x00000000        0x0 ./drivers/fsl_tpm.o
 .bss           0x00000000        0x0 ./drivers/fsl_tpm.o
 .text.CLOCK_EnableClock
                0x00000000       0x34 ./drivers/fsl_tpm.o
 .text.CLOCK_DisableClock
                0x00000000       0x38 ./drivers/fsl_tpm.o
 .rodata.s_tpmBases
                0x00000000        0xc ./drivers/fsl_tpm.o
 .rodata.s_tpmClocks
                0x00000000        0xc ./drivers/fsl_tpm.o
 .rodata        0x00000000       0xb0 ./drivers/fsl_tpm.o
 .text.TPM_GetInstance
                0x00000000       0x60 ./drivers/fsl_tpm.o
 .text.TPM_Init
                0x00000000       0xe0 ./drivers/fsl_tpm.o
 .text.TPM_Deinit
                0x00000000       0x38 ./drivers/fsl_tpm.o
 .text.TPM_GetDefaultConfig
                0x00000000       0x60 ./drivers/fsl_tpm.o
 .text.TPM_SetupPwm
                0x00000000      0x214 ./drivers/fsl_tpm.o
 .text.TPM_UpdatePwmDutycycle
                0x00000000       0xd4 ./drivers/fsl_tpm.o
 .text.TPM_UpdateChnlEdgeLevelSelect
                0x00000000      0x104 ./drivers/fsl_tpm.o
 .text.TPM_SetupInputCapture
                0x00000000       0xe0 ./drivers/fsl_tpm.o
 .text.TPM_SetupOutputCompare
                0x00000000      0x108 ./drivers/fsl_tpm.o
 .text.TPM_EnableInterrupts
                0x00000000       0x80 ./drivers/fsl_tpm.o
 .text.TPM_DisableInterrupts
                0x00000000       0x88 ./drivers/fsl_tpm.o
 .text.TPM_GetEnabledInterrupts
                0x00000000       0xdc ./drivers/fsl_tpm.o
 .rodata.__func__.5393
                0x00000000       0x10 ./drivers/fsl_tpm.o
 .rodata.__func__.5398
                0x00000000        0xc ./drivers/fsl_tpm.o
 .rodata.__func__.5405
                0x00000000       0x18 ./drivers/fsl_tpm.o
 .rodata.__func__.5414
                0x00000000       0x10 ./drivers/fsl_tpm.o
 .rodata.__func__.5438
                0x00000000       0x18 ./drivers/fsl_tpm.o
 .rodata.__func__.5446
                0x00000000       0x20 ./drivers/fsl_tpm.o
 .rodata.__func__.5459
                0x00000000       0x18 ./drivers/fsl_tpm.o
 .rodata.__func__.5472
                0x00000000       0x18 ./drivers/fsl_tpm.o
 .rodata.__func__.5502
                0x00000000       0x1c ./drivers/fsl_tpm.o
 .debug_info    0x00000000      0xcf0 ./drivers/fsl_tpm.o
 .debug_abbrev  0x00000000      0x20d ./drivers/fsl_tpm.o
 .debug_aranges
                0x00000000       0x88 ./drivers/fsl_tpm.o
 .debug_ranges  0x00000000       0x78 ./drivers/fsl_tpm.o
 .debug_line    0x00000000      0x38e ./drivers/fsl_tpm.o
 .debug_str     0x00000000     0x118f ./drivers/fsl_tpm.o
 .comment       0x00000000       0x71 ./drivers/fsl_tpm.o
 .ARM.attributes
                0x00000000       0x32 ./drivers/fsl_tpm.o
 .debug_frame   0x00000000      0x1d0 ./drivers/fsl_tpm.o
 .text          0x00000000        0x0 ./drivers/fsl_uart.o
 .data          0x00000000        0x0 ./drivers/fsl_uart.o
 .bss           0x00000000        0x0 ./drivers/fsl_uart.o
 .text.NVIC_EnableIRQ
                0x00000000       0x2c ./drivers/fsl_uart.o
 .text.CLOCK_DisableClock
                0x00000000       0x38 ./drivers/fsl_uart.o
 .text.EnableIRQ
                0x00000000       0x2c ./drivers/fsl_uart.o
 .rodata.s_uartIRQ
                0x00000000        0x4 ./drivers/fsl_uart.o
 .text.UART_TransferGetRxRingBufferLength
                0x00000000       0x70 ./drivers/fsl_uart.o
 .text.UART_TransferIsRxRingBufferFull
                0x00000000       0x5c ./drivers/fsl_uart.o
 .text.UART_Deinit
                0x00000000       0x40 ./drivers/fsl_uart.o
 .text.UART_SetBaudRate
                0x00000000      0x13c ./drivers/fsl_uart.o
 .text.UART_EnableInterrupts
                0x00000000       0x58 ./drivers/fsl_uart.o
 .text.UART_DisableInterrupts
                0x00000000       0x64 ./drivers/fsl_uart.o
 .text.UART_GetEnabledInterrupts
                0x00000000       0x38 ./drivers/fsl_uart.o
 .text.UART_ClearStatusFlags
                0x00000000       0x80 ./drivers/fsl_uart.o
 .text.UART_WriteNonBlocking
                0x00000000       0x54 ./drivers/fsl_uart.o
 .text.UART_ReadNonBlocking
                0x00000000       0x58 ./drivers/fsl_uart.o
 .text.UART_TransferCreateHandle
                0x00000000       0x9c ./drivers/fsl_uart.o
 .text.UART_TransferStartRingBuffer
                0x00000000       0x94 ./drivers/fsl_uart.o
 .text.UART_TransferStopRingBuffer
                0x00000000       0x80 ./drivers/fsl_uart.o
 .text.UART_TransferSendNonBlocking
                0x00000000       0xd0 ./drivers/fsl_uart.o
 .text.UART_TransferAbortSend
                0x00000000       0x50 ./drivers/fsl_uart.o
 .text.UART_TransferGetSendCount
                0x00000000       0x70 ./drivers/fsl_uart.o
 .text.UART_TransferReceiveNonBlocking
                0x00000000      0x1f8 ./drivers/fsl_uart.o
 .text.UART_TransferAbortReceive
                0x00000000       0x74 ./drivers/fsl_uart.o
 .text.UART_TransferGetReceiveCount
                0x00000000       0x78 ./drivers/fsl_uart.o
 .text.UART_TransferHandleIRQ
                0x00000000      0x3c8 ./drivers/fsl_uart.o
 .text.UART_TransferHandleErrorIRQ
                0x00000000       0x10 ./drivers/fsl_uart.o
 .text.UART1_RX_TX_DriverIRQHandler
                0x00000000        0xc ./drivers/fsl_uart.o
 .text.UART2_RX_TX_DriverIRQHandler
                0x00000000        0xc ./drivers/fsl_uart.o
 .rodata.__func__.5437
                0x00000000       0x24 ./drivers/fsl_uart.o
 .rodata.__func__.5442
                0x00000000       0x20 ./drivers/fsl_uart.o
 .rodata.__func__.5468
                0x00000000       0x14 ./drivers/fsl_uart.o
 .rodata.__func__.5510
                0x00000000       0x18 ./drivers/fsl_uart.o
 .rodata.__func__.5533
                0x00000000       0x18 ./drivers/fsl_uart.o
 .rodata.__func__.5544
                0x00000000       0x1c ./drivers/fsl_uart.o
 .rodata.__func__.5552
                0x00000000       0x20 ./drivers/fsl_uart.o
 .rodata.__func__.5557
                0x00000000       0x1c ./drivers/fsl_uart.o
 .rodata.__func__.5563
                0x00000000       0x20 ./drivers/fsl_uart.o
 .rodata.__func__.5569
                0x00000000       0x18 ./drivers/fsl_uart.o
 .rodata.__func__.5575
                0x00000000       0x1c ./drivers/fsl_uart.o
 .rodata.__func__.5582
                0x00000000       0x20 ./drivers/fsl_uart.o
 .rodata.__func__.5595
                0x00000000       0x1c ./drivers/fsl_uart.o
 .rodata.__func__.5601
                0x00000000       0x20 ./drivers/fsl_uart.o
 .rodata.__func__.5606
                0x00000000       0x18 ./drivers/fsl_uart.o
 .data          0x00000000        0x0 ./devices/gcc/startup_MKL46Z4.o
 .bss           0x00000000        0x0 ./devices/gcc/startup_MKL46Z4.o
 .text          0x00000000        0x0 ./devices/system_MKL46Z4.o
 .data          0x00000000        0x0 ./devices/system_MKL46Z4.o
 .bss           0x00000000        0x0 ./devices/system_MKL46Z4.o
 .text.SystemCoreClockUpdate
                0x00000000      0x23c ./devices/system_MKL46Z4.o
 .text          0x00000000        0x0 ./.metadata/.plugins/org.eclipse.cdt.make.core/specs.o
 .data          0x00000000        0x0 ./.metadata/.plugins/org.eclipse.cdt.make.core/specs.o
 .bss           0x00000000        0x0 ./.metadata/.plugins/org.eclipse.cdt.make.core/specs.o
 .debug_line    0x00000000        0x0 ./.metadata/.plugins/org.eclipse.cdt.make.core/specs.o
 .debug_str     0x00000000        0x0 ./.metadata/.plugins/org.eclipse.cdt.make.core/specs.o
 .comment       0x00000000       0x71 ./.metadata/.plugins/org.eclipse.cdt.make.core/specs.o
 .ARM.attributes
                0x00000000       0x32 ./.metadata/.plugins/org.eclipse.cdt.make.core/specs.o
 .text          0x00000000        0x0 c:/freescale/kds_v3/toolchain/bin/../lib/gcc/arm-none-eabi/4.8.4/../../../../arm-none-eabi/lib/armv6-m\libg_s.a(lib_a-exit.o)
 .data          0x00000000        0x0 c:/freescale/kds_v3/toolchain/bin/../lib/gcc/arm-none-eabi/4.8.4/../../../../arm-none-eabi/lib/armv6-m\libg_s.a(lib_a-exit.o)
 .bss           0x00000000        0x0 c:/freescale/kds_v3/toolchain/bin/../lib/gcc/arm-none-eabi/4.8.4/../../../../arm-none-eabi/lib/armv6-m\libg_s.a(lib_a-exit.o)
 .text          0x00000000        0x0 c:/freescale/kds_v3/toolchain/bin/../lib/gcc/arm-none-eabi/4.8.4/../../../../arm-none-eabi/lib/armv6-m\libg_s.a(lib_a-impure.o)
 .data          0x00000000        0x0 c:/freescale/kds_v3/toolchain/bin/../lib/gcc/arm-none-eabi/4.8.4/../../../../arm-none-eabi/lib/armv6-m\libg_s.a(lib_a-impure.o)
 .bss           0x00000000        0x0 c:/freescale/kds_v3/toolchain/bin/../lib/gcc/arm-none-eabi/4.8.4/../../../../arm-none-eabi/lib/armv6-m\libg_s.a(lib_a-impure.o)
 .data._impure_ptr
                0x00000000        0x4 c:/freescale/kds_v3/toolchain/bin/../lib/gcc/arm-none-eabi/4.8.4/../../../../arm-none-eabi/lib/armv6-m\libg_s.a(lib_a-impure.o)
 .text          0x00000000        0x0 c:/freescale/kds_v3/toolchain/bin/../lib/gcc/arm-none-eabi/4.8.4/../../../../arm-none-eabi/lib/armv6-m\libg_s.a(lib_a-init.o)
 .data          0x00000000        0x0 c:/freescale/kds_v3/toolchain/bin/../lib/gcc/arm-none-eabi/4.8.4/../../../../arm-none-eabi/lib/armv6-m\libg_s.a(lib_a-init.o)
 .bss           0x00000000        0x0 c:/freescale/kds_v3/toolchain/bin/../lib/gcc/arm-none-eabi/4.8.4/../../../../arm-none-eabi/lib/armv6-m\libg_s.a(lib_a-init.o)
 .text          0x00000000        0x0 c:/freescale/kds_v3/toolchain/bin/../lib/gcc/arm-none-eabi/4.8.4/../../../../arm-none-eabi/lib/armv6-m\libg_s.a(lib_a-memcpy-stub.o)
 .data          0x00000000        0x0 c:/freescale/kds_v3/toolchain/bin/../lib/gcc/arm-none-eabi/4.8.4/../../../../arm-none-eabi/lib/armv6-m\libg_s.a(lib_a-memcpy-stub.o)
 .bss           0x00000000        0x0 c:/freescale/kds_v3/toolchain/bin/../lib/gcc/arm-none-eabi/4.8.4/../../../../arm-none-eabi/lib/armv6-m\libg_s.a(lib_a-memcpy-stub.o)
 .text          0x00000000        0x0 c:/freescale/kds_v3/toolchain/bin/../lib/gcc/arm-none-eabi/4.8.4/../../../../arm-none-eabi/lib/armv6-m\libg_s.a(lib_a-memset.o)
 .data          0x00000000        0x0 c:/freescale/kds_v3/toolchain/bin/../lib/gcc/arm-none-eabi/4.8.4/../../../../arm-none-eabi/lib/armv6-m\libg_s.a(lib_a-memset.o)
 .bss           0x00000000        0x0 c:/freescale/kds_v3/toolchain/bin/../lib/gcc/arm-none-eabi/4.8.4/../../../../arm-none-eabi/lib/armv6-m\libg_s.a(lib_a-memset.o)
 .text          0x00000000        0x0 c:/freescale/kds_v3/toolchain/bin/../lib/gcc/arm-none-eabi/4.8.4/../../../../arm-none-eabi/lib/armv6-m\libg_s.a(lib_a-strlen.o)
 .data          0x00000000        0x0 c:/freescale/kds_v3/toolchain/bin/../lib/gcc/arm-none-eabi/4.8.4/../../../../arm-none-eabi/lib/armv6-m\libg_s.a(lib_a-strlen.o)
 .bss           0x00000000        0x0 c:/freescale/kds_v3/toolchain/bin/../lib/gcc/arm-none-eabi/4.8.4/../../../../arm-none-eabi/lib/armv6-m\libg_s.a(lib_a-strlen.o)
 .data          0x00000000        0x0 c:/freescale/kds_v3/toolchain/bin/../lib/gcc/arm-none-eabi/4.8.4/armv6-m\libgcc.a(_udivsi3.o)
 .bss           0x00000000        0x0 c:/freescale/kds_v3/toolchain/bin/../lib/gcc/arm-none-eabi/4.8.4/armv6-m\libgcc.a(_udivsi3.o)
 .data          0x00000000        0x0 c:/freescale/kds_v3/toolchain/bin/../lib/gcc/arm-none-eabi/4.8.4/armv6-m\libgcc.a(_divsi3.o)
 .bss           0x00000000        0x0 c:/freescale/kds_v3/toolchain/bin/../lib/gcc/arm-none-eabi/4.8.4/armv6-m\libgcc.a(_divsi3.o)
 .data          0x00000000        0x0 c:/freescale/kds_v3/toolchain/bin/../lib/gcc/arm-none-eabi/4.8.4/armv6-m\libgcc.a(_dvmd_tls.o)
 .bss           0x00000000        0x0 c:/freescale/kds_v3/toolchain/bin/../lib/gcc/arm-none-eabi/4.8.4/armv6-m\libgcc.a(_dvmd_tls.o)
 .text          0x00000000        0x0 c:/freescale/kds_v3/toolchain/bin/../lib/gcc/arm-none-eabi/4.8.4/../../../../arm-none-eabi/lib/armv6-m\libnosys.a(_exit.o)
 .data          0x00000000        0x0 c:/freescale/kds_v3/toolchain/bin/../lib/gcc/arm-none-eabi/4.8.4/../../../../arm-none-eabi/lib/armv6-m\libnosys.a(_exit.o)
 .bss           0x00000000        0x0 c:/freescale/kds_v3/toolchain/bin/../lib/gcc/arm-none-eabi/4.8.4/../../../../arm-none-eabi/lib/armv6-m\libnosys.a(_exit.o)
 .text          0x00000000        0x0 c:/freescale/kds_v3/toolchain/bin/../lib/gcc/arm-none-eabi/4.8.4/armv6-m/crtend.o
 .data          0x00000000        0x0 c:/freescale/kds_v3/toolchain/bin/../lib/gcc/arm-none-eabi/4.8.4/armv6-m/crtend.o
 .bss           0x00000000        0x0 c:/freescale/kds_v3/toolchain/bin/../lib/gcc/arm-none-eabi/4.8.4/armv6-m/crtend.o
 .eh_frame      0x00000000        0x4 c:/freescale/kds_v3/toolchain/bin/../lib/gcc/arm-none-eabi/4.8.4/armv6-m/crtend.o
 .text          0x00000000        0x0 c:/freescale/kds_v3/toolchain/bin/../lib/gcc/arm-none-eabi/4.8.4/armv6-m/crtn.o
 .data          0x00000000        0x0 c:/freescale/kds_v3/toolchain/bin/../lib/gcc/arm-none-eabi/4.8.4/armv6-m/crtn.o
 .bss           0x00000000        0x0 c:/freescale/kds_v3/toolchain/bin/../lib/gcc/arm-none-eabi/4.8.4/armv6-m/crtn.o

Memory Configuration

Name             Origin             Length             Attributes
m_interrupts     0x00000000         0x00000200         xr
m_flash_config   0x00000400         0x00000010         xr
m_text           0x00000410         0x0003fbf0         xr
m_data           0x1fffe000         0x00008000         rw
*default*        0x00000000         0xffffffff

Linker script and memory map

LOAD c:/freescale/kds_v3/toolchain/bin/../lib/gcc/arm-none-eabi/4.8.4/armv6-m/crti.o
LOAD c:/freescale/kds_v3/toolchain/bin/../lib/gcc/arm-none-eabi/4.8.4/armv6-m/crtbegin.o
LOAD c:/freescale/kds_v3/toolchain/bin/../lib/gcc/arm-none-eabi/4.8.4/../../../../arm-none-eabi/lib/armv6-m/crt0.o
START GROUP
LOAD ./utilities/fsl_debug_console.o
LOAD ./sources/board.o
LOAD ./sources/clock_config.o
LOAD ./sources/gpio_robocol.o
LOAD ./sources/pin_mux.o
LOAD ./sources/prueba_puente_h.o
LOAD ./sources/pwm_robocol.o
LOAD ./drivers/fsl_clock.o
LOAD ./drivers/fsl_common.o
LOAD ./drivers/fsl_flash.o
LOAD ./drivers/fsl_gpio.o
LOAD ./drivers/fsl_lpsci.o
LOAD ./drivers/fsl_smc.o
LOAD ./drivers/fsl_tpm.o
LOAD ./drivers/fsl_uart.o
LOAD ./devices/gcc/startup_MKL46Z4.o
LOAD ./devices/system_MKL46Z4.o
LOAD ./.metadata/.plugins/org.eclipse.cdt.make.core/specs.o
LOAD c:/freescale/kds_v3/toolchain/bin/../lib/gcc/arm-none-eabi/4.8.4/../../../../arm-none-eabi/lib/armv6-m\libg_s.a
LOAD c:/freescale/kds_v3/toolchain/bin/../lib/gcc/arm-none-eabi/4.8.4/armv6-m\libgcc.a
LOAD c:/freescale/kds_v3/toolchain/bin/../lib/gcc/arm-none-eabi/4.8.4/../../../../arm-none-eabi/lib/armv6-m\libnosys.a
END GROUP
LOAD c:/freescale/kds_v3/toolchain/bin/../lib/gcc/arm-none-eabi/4.8.4/../../../../arm-none-eabi/lib/armv6-m\libstdc++_s.a
LOAD c:/freescale/kds_v3/toolchain/bin/../lib/gcc/arm-none-eabi/4.8.4/../../../../arm-none-eabi/lib/armv6-m\libm.a
START GROUP
LOAD c:/freescale/kds_v3/toolchain/bin/../lib/gcc/arm-none-eabi/4.8.4/armv6-m\libgcc.a
LOAD c:/freescale/kds_v3/toolchain/bin/../lib/gcc/arm-none-eabi/4.8.4/../../../../arm-none-eabi/lib/armv6-m\libg_s.a
LOAD c:/freescale/kds_v3/toolchain/bin/../lib/gcc/arm-none-eabi/4.8.4/../../../../arm-none-eabi/lib/armv6-m\libc_s.a
END GROUP
START GROUP
LOAD c:/freescale/kds_v3/toolchain/bin/../lib/gcc/arm-none-eabi/4.8.4/armv6-m\libgcc.a
LOAD c:/freescale/kds_v3/toolchain/bin/../lib/gcc/arm-none-eabi/4.8.4/../../../../arm-none-eabi/lib/armv6-m\libc_s.a
END GROUP
LOAD c:/freescale/kds_v3/toolchain/bin/../lib/gcc/arm-none-eabi/4.8.4/armv6-m/crtend.o
LOAD c:/freescale/kds_v3/toolchain/bin/../lib/gcc/arm-none-eabi/4.8.4/armv6-m/crtn.o
                0x00000400                HEAP_SIZE = DEFINED (__heap_size__)?__heap_size__:0x400
                0x00000400                STACK_SIZE = DEFINED (__stack_size__)?__stack_size__:0x400
                0x00000000                M_VECTOR_RAM_SIZE = DEFINED (__ram_vector_table__)?0x200:0x0

.interrupts     0x00000000       0xc0
                0x00000000                __VECTOR_TABLE = .
                0x00000000                . = ALIGN (0x4)
 *(.isr_vector)
 .isr_vector    0x00000000       0xc0 ./devices/gcc/startup_MKL46Z4.o
                0x00000000                __isr_vector
                0x000000c0                . = ALIGN (0x4)

.flash_config   0x00000400       0x10
                0x00000400                . = ALIGN (0x4)
 *(.FlashConfig)
 .FlashConfig   0x00000400       0x10 ./devices/gcc/startup_MKL46Z4.o
                0x00000410                . = ALIGN (0x4)

.text           0x00000410     0x25bc
                0x00000410                . = ALIGN (0x4)
 *(.text)
 .text          0x00000410       0x60 c:/freescale/kds_v3/toolchain/bin/../lib/gcc/arm-none-eabi/4.8.4/armv6-m/crtbegin.o
 .text          0x00000470       0x78 c:/freescale/kds_v3/toolchain/bin/../lib/gcc/arm-none-eabi/4.8.4/../../../../arm-none-eabi/lib/armv6-m/crt0.o
                0x00000470                _start
                0x00000470                _mainCRTStartup
 .text          0x000004e8       0xf0 ./devices/gcc/startup_MKL46Z4.o
                0x000004e8                Reset_Handler
                0x00000548                DMA0_DriverIRQHandler
                0x00000548                DAC0_IRQHandler
                0x00000548                SPI1_DriverIRQHandler
                0x00000548                I2C1_DriverIRQHandler
                0x00000548                TPM1_IRQHandler
                0x00000548                DMA1_DriverIRQHandler
                0x00000548                PORTC_PORTD_IRQHandler
                0x00000548                CMP0_IRQHandler
                0x00000548                I2S0_DriverIRQHandler
                0x00000548                I2C0_DriverIRQHandler
                0x00000548                DMA2_DriverIRQHandler
                0x00000548                TPM0_IRQHandler
                0x00000548                LPTMR0_IRQHandler
                0x00000548                LLWU_IRQHandler
                0x00000548                TSI0_IRQHandler
                0x00000548                FTFA_IRQHandler
                0x00000548                ADC0_IRQHandler
                0x00000548                PORTA_IRQHandler
                0x00000548                DefaultISR
                0x00000548                TPM2_IRQHandler
                0x00000548                RTC_IRQHandler
                0x00000548                DMA3_DriverIRQHandler
                0x00000548                LCD_IRQHandler
                0x00000548                PIT_IRQHandler
                0x00000548                RTC_Seconds_IRQHandler
                0x00000548                MCG_IRQHandler
                0x00000548                LVD_LVW_IRQHandler
                0x00000548                Reserved20_IRQHandler
                0x00000548                USB0_IRQHandler
                0x00000548                SPI0_DriverIRQHandler
                0x0000054c                NMI_Handler
                0x00000550                HardFault_Handler
                0x00000554                SVC_Handler
                0x00000558                PendSV_Handler
                0x0000055c                SysTick_Handler
                0x00000560                DMA0_IRQHandler
                0x00000564                DMA1_IRQHandler
                0x00000568                DMA2_IRQHandler
                0x0000056c                DMA3_IRQHandler
                0x00000570                I2C0_IRQHandler
                0x00000574                I2C1_IRQHandler
                0x00000578                SPI0_IRQHandler
                0x0000057c                SPI1_IRQHandler
                0x00000580                UART0_IRQHandler
                0x00000584                UART1_IRQHandler
                0x00000588                UART2_IRQHandler
                0x0000058c                I2S0_IRQHandler
 .text          0x000005d8       0x9c c:/freescale/kds_v3/toolchain/bin/../lib/gcc/arm-none-eabi/4.8.4/armv6-m\libgcc.a(_udivsi3.o)
                0x000005d8                __aeabi_uidiv
                0x000005d8                __udivsi3
                0x00000660                __aeabi_uidivmod
 .text          0x00000674       0xc0 c:/freescale/kds_v3/toolchain/bin/../lib/gcc/arm-none-eabi/4.8.4/armv6-m\libgcc.a(_divsi3.o)
                0x00000674                __divsi3
                0x00000674                __aeabi_idiv
                0x00000720                __aeabi_idivmod
 .text          0x00000734        0x4 c:/freescale/kds_v3/toolchain/bin/../lib/gcc/arm-none-eabi/4.8.4/armv6-m\libgcc.a(_dvmd_tls.o)
                0x00000734                __aeabi_idiv0
                0x00000734                __aeabi_ldiv0
 *(.text*)
 .text.UART_EnableTx
                0x00000738       0x40 ./utilities/fsl_debug_console.o
 .text.UART_EnableRx
                0x00000778       0x40 ./utilities/fsl_debug_console.o
 .text.LPSCI_EnableTx
                0x000007b8       0x40 ./utilities/fsl_debug_console.o
 .text.LPSCI_EnableRx
                0x000007f8       0x40 ./utilities/fsl_debug_console.o
 .text.DbgConsole_Init
                0x00000838       0xfc ./utilities/fsl_debug_console.o
                0x00000838                DbgConsole_Init
 .text.DbgConsole_Printf
                0x00000934       0x48 ./utilities/fsl_debug_console.o
                0x00000934                DbgConsole_Printf
 .text.DbgConsole_Putchar
                0x0000097c       0x38 ./utilities/fsl_debug_console.o
                0x0000097c                DbgConsole_Putchar
 .text.DbgConsole_PrintfPaddingCharacter
                0x000009b4       0x48 ./utilities/fsl_debug_console.o
 .text.DbgConsole_ConvertRadixNumToString
                0x000009fc      0x118 ./utilities/fsl_debug_console.o
 .text.DbgConsole_PrintfFormattedData
                0x00000b14      0x344 ./utilities/fsl_debug_console.o
 .text.CLOCK_SetLpsci0Clock
                0x00000e58       0x38 ./sources/board.o
 .text.BOARD_InitDebugConsole
                0x00000e90       0x30 ./sources/board.o
                0x00000e90                BOARD_InitDebugConsole
 .text.CLOCK_SetSimSafeDivs
                0x00000ec0       0x1c ./sources/clock_config.o
 .text.CLOCK_SetXtal0Freq
                0x00000edc       0x18 ./sources/clock_config.o
 .text.CLOCK_CONFIG_SetFllExtRefDiv
                0x00000ef4       0x38 ./sources/clock_config.o
 .text.BOARD_BootClockRUN
                0x00000f2c       0x68 ./sources/clock_config.o
                0x00000f2c                BOARD_BootClockRUN
 .text.GPIO_WritePinOutput
                0x00000f94       0x34 ./sources/gpio_robocol.o
 .text.GPIO_PinInit
                0x00000fc8       0x78 ./sources/gpio_robocol.o
                0x00000fc8                GPIO_PinInit
 .text.PORT_SetPinMux
                0x00001040       0x3c ./sources/gpio_robocol.o
 .text.gpio_confPin
                0x0000107c       0x54 ./sources/gpio_robocol.o
                0x0000107c                gpio_confPin
 .text.CLOCK_EnableClock
                0x000010d0       0x34 ./sources/pin_mux.o
 .text.PORT_SetPinMux
                0x00001104       0x3c ./sources/pin_mux.o
 .text.BOARD_InitPins
                0x00001140       0x7c ./sources/pin_mux.o
                0x00001140                BOARD_InitPins
 .text.CLOCK_SetTpmClock
                0x000011bc       0x38 ./sources/prueba_puente_h.o
 .text.main     0x000011f4       0x60 ./sources/prueba_puente_h.o
                0x000011f4                main
 .text.CLOCK_SetEr32kClock
                0x00001254       0x30 ./drivers/fsl_clock.o
 .text.CLOCK_SetPllFllSelClock
                0x00001284       0x38 ./drivers/fsl_clock.o
 .text.OSC_SetExtRefClkConfig
                0x000012bc       0x48 ./drivers/fsl_clock.o
 .text.OSC_SetCapLoad
                0x00001304       0x4c ./drivers/fsl_clock.o
 .text.CLOCK_GetMcgExtClkFreq
                0x00001350       0x34 ./drivers/fsl_clock.o
 .text.CLOCK_GetFllExtRefClkFreq
                0x00001384       0xa4 ./drivers/fsl_clock.o
 .text.CLOCK_GetFllRefClkFreq
                0x00001428       0x30 ./drivers/fsl_clock.o
 .text.CLOCK_GetPll0RefFreq
                0x00001458       0x10 ./drivers/fsl_clock.o
 .text.CLOCK_GetOscRangeFromFreq
                0x00001468       0x4c ./drivers/fsl_clock.o
 .text.CLOCK_GetPllFllSelClkFreq
                0x000014b4       0x50 ./drivers/fsl_clock.o
                0x000014b4                CLOCK_GetPllFllSelClkFreq
 .text.CLOCK_SetSimConfig
                0x00001504       0x34 ./drivers/fsl_clock.o
                0x00001504                CLOCK_SetSimConfig
 .text.CLOCK_GetFllFreq
                0x00001538       0x7c ./drivers/fsl_clock.o
                0x00001538                CLOCK_GetFllFreq
 .text.CLOCK_GetPll0Freq
                0x000015b4       0x80 ./drivers/fsl_clock.o
                0x000015b4                CLOCK_GetPll0Freq
 .text.CLOCK_SetExternalRefClkConfig
                0x00001634       0x18 ./drivers/fsl_clock.o
                0x00001634                CLOCK_SetExternalRefClkConfig
 .text.CLOCK_SetInternalRefClkConfig
                0x0000164c      0x120 ./drivers/fsl_clock.o
                0x0000164c                CLOCK_SetInternalRefClkConfig
 .text.CLOCK_EnablePll0
                0x0000176c       0xa4 ./drivers/fsl_clock.o
                0x0000176c                CLOCK_EnablePll0
 .text.CLOCK_InitOsc0
                0x00001810       0x98 ./drivers/fsl_clock.o
                0x00001810                CLOCK_InitOsc0
 .text.CLOCK_SetPbeMode
                0x000018a8       0xc0 ./drivers/fsl_clock.o
                0x000018a8                CLOCK_SetPbeMode
 .text.CLOCK_BootToPeeMode
                0x00001968       0x80 ./drivers/fsl_clock.o
                0x00001968                CLOCK_BootToPeeMode
 .text.__assert_func
                0x000019e8       0x28 ./drivers/fsl_common.o
                0x000019e8                __assert_func
 .text.CLOCK_EnableClock
                0x00001a10       0x34 ./drivers/fsl_lpsci.o
 .text.LPSCI_GetInstance
                0x00001a44       0x54 ./drivers/fsl_lpsci.o
                0x00001a44                LPSCI_GetInstance
 .text.LPSCI_Init
                0x00001a98      0x280 ./drivers/fsl_lpsci.o
                0x00001a98                LPSCI_Init
 .text.LPSCI_GetDefaultConfig
                0x00001d18       0x50 ./drivers/fsl_lpsci.o
                0x00001d18                LPSCI_GetDefaultConfig
 .text.LPSCI_GetStatusFlags
                0x00001d68       0x28 ./drivers/fsl_lpsci.o
                0x00001d68                LPSCI_GetStatusFlags
 .text.LPSCI_ClearStatusFlags
                0x00001d90       0x98 ./drivers/fsl_lpsci.o
                0x00001d90                LPSCI_ClearStatusFlags
 .text.LPSCI_WriteBlocking
                0x00001e28       0x5c ./drivers/fsl_lpsci.o
                0x00001e28                LPSCI_WriteBlocking
 .text.LPSCI_ReadBlocking
                0x00001e84       0xd4 ./drivers/fsl_lpsci.o
                0x00001e84                LPSCI_ReadBlocking
 .text.UART0_DriverIRQHandler
                0x00001f58       0x24 ./drivers/fsl_lpsci.o
                0x00001f58                UART0_DriverIRQHandler
 .text.CLOCK_EnableClock
                0x00001f7c       0x34 ./drivers/fsl_uart.o
 .text.UART_GetInstance
                0x00001fb0       0x60 ./drivers/fsl_uart.o
                0x00001fb0                UART_GetInstance
 .text.UART_Init
                0x00002010      0x210 ./drivers/fsl_uart.o
                0x00002010                UART_Init
 .text.UART_GetDefaultConfig
                0x00002220       0x50 ./drivers/fsl_uart.o
                0x00002220                UART_GetDefaultConfig
 .text.UART_GetStatusFlags
                0x00002270       0x28 ./drivers/fsl_uart.o
                0x00002270                UART_GetStatusFlags
 .text.UART_WriteBlocking
                0x00002298       0x3c ./drivers/fsl_uart.o
                0x00002298                UART_WriteBlocking
 .text.UART_ReadBlocking
                0x000022d4       0xac ./drivers/fsl_uart.o
                0x000022d4                UART_ReadBlocking
 .text.UART1_DriverIRQHandler
                0x00002380       0x24 ./drivers/fsl_uart.o
                0x00002380                UART1_DriverIRQHandler
 .text.UART2_DriverIRQHandler
                0x000023a4       0x24 ./drivers/fsl_uart.o
                0x000023a4                UART2_DriverIRQHandler
 .text.SystemInit
                0x000023c8       0x18 ./devices/system_MKL46Z4.o
                0x000023c8                SystemInit
 .text.exit     0x000023e0       0x2c c:/freescale/kds_v3/toolchain/bin/../lib/gcc/arm-none-eabi/4.8.4/../../../../arm-none-eabi/lib/armv6-m\libg_s.a(lib_a-exit.o)
                0x000023e0                exit
 .text.__libc_init_array
                0x0000240c       0x4c c:/freescale/kds_v3/toolchain/bin/../lib/gcc/arm-none-eabi/4.8.4/../../../../arm-none-eabi/lib/armv6-m\libg_s.a(lib_a-init.o)
                0x0000240c                __libc_init_array
 .text.memcpy   0x00002458       0x12 c:/freescale/kds_v3/toolchain/bin/../lib/gcc/arm-none-eabi/4.8.4/../../../../arm-none-eabi/lib/armv6-m\libg_s.a(lib_a-memcpy-stub.o)
                0x00002458                memcpy
 .text.memset   0x0000246a       0x10 c:/freescale/kds_v3/toolchain/bin/../lib/gcc/arm-none-eabi/4.8.4/../../../../arm-none-eabi/lib/armv6-m\libg_s.a(lib_a-memset.o)
                0x0000246a                memset
 .text.strlen   0x0000247a        0xe c:/freescale/kds_v3/toolchain/bin/../lib/gcc/arm-none-eabi/4.8.4/../../../../arm-none-eabi/lib/armv6-m\libg_s.a(lib_a-strlen.o)
                0x0000247a                strlen
 .text._exit    0x00002488        0x4 c:/freescale/kds_v3/toolchain/bin/../lib/gcc/arm-none-eabi/4.8.4/../../../../arm-none-eabi/lib/armv6-m\libnosys.a(_exit.o)
                0x00002488                _exit
 *(.rodata)
 .rodata        0x0000248c       0x6c ./sources/gpio_robocol.o
 .rodata        0x000024f8      0x164 ./sources/prueba_puente_h.o
 .rodata        0x0000265c       0x48 ./drivers/fsl_clock.o
 .rodata        0x000026a4       0x40 ./drivers/fsl_common.o
 .rodata        0x000026e4       0xb4 ./drivers/fsl_lpsci.o
 .rodata        0x00002798       0xac ./drivers/fsl_uart.o
 *(.rodata*)
 .rodata.mcgConfig_BOARD_BootClockRUN
                0x00002844        0xc ./sources/clock_config.o
                0x00002844                mcgConfig_BOARD_BootClockRUN
 .rodata.simConfig_BOARD_BootClockRUN
                0x00002850        0x8 ./sources/clock_config.o
                0x00002850                simConfig_BOARD_BootClockRUN
 .rodata.oscConfig_BOARD_BootClockRUN
                0x00002858        0x8 ./sources/clock_config.o
                0x00002858                oscConfig_BOARD_BootClockRUN
 .rodata.__func__.5300
                0x00002860       0x10 ./sources/gpio_robocol.o
 .rodata.__func__.5249
                0x00002870       0x18 ./drivers/fsl_clock.o
 .rodata.fllFactorTable.5355
                0x00002888       0x10 ./drivers/fsl_clock.o
 .rodata.__func__.5370
                0x00002898       0x14 ./drivers/fsl_clock.o
 .rodata.__func__.5410
                0x000028ac       0x14 ./drivers/fsl_clock.o
 .rodata.__func__.5547
                0x000028c0       0x14 ./drivers/fsl_clock.o
 .rodata.__func__.5614
                0x000028d4       0x14 ./drivers/fsl_clock.o
 .rodata.__func__.5430
                0x000028e8       0x14 ./drivers/fsl_lpsci.o
 .rodata.__func__.5466
                0x000028fc        0xc ./drivers/fsl_lpsci.o
 .rodata.__func__.5487
                0x00002908       0x18 ./drivers/fsl_lpsci.o
 .rodata.__func__.5532
                0x00002920       0x14 ./drivers/fsl_lpsci.o
 .rodata.__func__.5544
                0x00002934       0x14 ./drivers/fsl_lpsci.o
 .rodata.s_uartBases
                0x00002948        0xc ./drivers/fsl_uart.o
 .rodata.s_uartClock
                0x00002954        0xc ./drivers/fsl_uart.o
 .rodata.__func__.5433
                0x00002960       0x14 ./drivers/fsl_uart.o
 .rodata.__func__.5449
                0x00002974        0xc ./drivers/fsl_uart.o
 .rodata.__func__.5462
                0x00002980       0x18 ./drivers/fsl_uart.o
 .rodata.__func__.5520
                0x00002998       0x14 ./drivers/fsl_uart.o
 .rodata.str1.1
                0x000029ac        0x2 c:/freescale/kds_v3/toolchain/bin/../lib/gcc/arm-none-eabi/4.8.4/../../../../arm-none-eabi/lib/armv6-m\libg_s.a(lib_a-impure.o)
 *fill*         0x000029ae        0x2 
 .rodata._global_impure_ptr
                0x000029b0        0x4 c:/freescale/kds_v3/toolchain/bin/../lib/gcc/arm-none-eabi/4.8.4/../../../../arm-none-eabi/lib/armv6-m\libg_s.a(lib_a-impure.o)
                0x000029b0                _global_impure_ptr
 *(.glue_7)
 .glue_7        0x00000000        0x0 linker stubs
 *(.glue_7t)
 .glue_7t       0x00000000        0x0 linker stubs
 *(.eh_frame)
 .eh_frame      0x000029b4        0x0 c:/freescale/kds_v3/toolchain/bin/../lib/gcc/arm-none-eabi/4.8.4/armv6-m/crtbegin.o
 *(.init)
 .init          0x000029b4        0x4 c:/freescale/kds_v3/toolchain/bin/../lib/gcc/arm-none-eabi/4.8.4/armv6-m/crti.o
                0x000029b4                _init
 .init          0x000029b8        0x8 c:/freescale/kds_v3/toolchain/bin/../lib/gcc/arm-none-eabi/4.8.4/armv6-m/crtn.o
 *(.fini)
 .fini          0x000029c0        0x4 c:/freescale/kds_v3/toolchain/bin/../lib/gcc/arm-none-eabi/4.8.4/armv6-m/crti.o
                0x000029c0                _fini
 .fini          0x000029c4        0x8 c:/freescale/kds_v3/toolchain/bin/../lib/gcc/arm-none-eabi/4.8.4/armv6-m/crtn.o
                0x000029cc                . = ALIGN (0x4)

.vfp11_veneer   0x000029cc        0x0
 .vfp11_veneer  0x00000000        0x0 linker stubs

.v4_bx          0x000029cc        0x0
 .v4_bx         0x00000000        0x0 linker stubs

.iplt           0x000029cc        0x0
 .iplt          0x00000000        0x0 c:/freescale/kds_v3/toolchain/bin/../lib/gcc/arm-none-eabi/4.8.4/armv6-m/crtbegin.o

.ARM.extab
 *(.ARM.extab* .gnu.linkonce.armextab.*)

.ARM            0x000029cc        0x8
                0x000029cc                __exidx_start = .
 *(.ARM.exidx*)
 .ARM.exidx     0x000029cc        0x8 c:/freescale/kds_v3/toolchain/bin/../lib/gcc/arm-none-eabi/4.8.4/../../../../arm-none-eabi/lib/armv6-m/crt0.o
                0x000029d4                __exidx_end = .

.rel.dyn        0x000029d4        0x0
 .rel.iplt      0x00000000        0x0 c:/freescale/kds_v3/toolchain/bin/../lib/gcc/arm-none-eabi/4.8.4/armv6-m/crtbegin.o

.ctors          0x000029d4        0x0
                0x000029d4                __CTOR_LIST__ = .
 *crtbegin.o(.ctors)
 *crtbegin?.o(.ctors)
 *(EXCLUDE_FILE(*crtend.o *crtend?.o) .ctors)
 *(SORT(.ctors.*))
 *(.ctors)
                0x000029d4                __CTOR_END__ = .

.dtors          0x000029d4        0x0
                0x000029d4                __DTOR_LIST__ = .
 *crtbegin.o(.dtors)
 *crtbegin?.o(.dtors)
 *(EXCLUDE_FILE(*crtend.o *crtend?.o) .dtors)
 *(SORT(.dtors.*))
 *(.dtors)
                0x000029d4                __DTOR_END__ = .

.preinit_array  0x000029d4        0x0
                0x000029d4                PROVIDE (__preinit_array_start, .)
 *(.preinit_array*)
                0x000029d4                PROVIDE (__preinit_array_end, .)

.init_array     0x000029d4        0x4
                0x000029d4                PROVIDE (__init_array_start, .)
 *(SORT(.init_array.*))
 *(.init_array*)
 .init_array    0x000029d4        0x4 c:/freescale/kds_v3/toolchain/bin/../lib/gcc/arm-none-eabi/4.8.4/armv6-m/crtbegin.o
                0x000029d8                PROVIDE (__init_array_end, .)

.fini_array     0x000029d8        0x4
                0x000029d8                PROVIDE (__fini_array_start, .)
 *(SORT(.fini_array.*))
 *(.fini_array*)
 .fini_array    0x000029d8        0x4 c:/freescale/kds_v3/toolchain/bin/../lib/gcc/arm-none-eabi/4.8.4/armv6-m/crtbegin.o
                0x000029dc                PROVIDE (__fini_array_end, .)
                0x000029dc                __etext = .
                0x000029dc                __DATA_ROM = .

.mtb            0x1fffe000        0x0
                0x1fffe000                . = ALIGN (0x8)
                0x1fffe000                _mtb_start = .
 *(.mtb_buf)
                0x1fffe000                . = ALIGN (0x8)
                0x1fffe000                _mtb_end = .

.interrupts_ram
                0x1fffe000        0x0
                0x1fffe000                . = ALIGN (0x4)
                0x1fffe000                __VECTOR_RAM__ = .
                0x1fffe000                __interrupts_ram_start__ = .
 *(.m_interrupts_ram)
                0x1fffe000                . = (. + M_VECTOR_RAM_SIZE)
                0x1fffe000                . = ALIGN (0x4)
                0x1fffe000                __interrupts_ram_end__ = .
                0x00000000                __VECTOR_RAM = DEFINED (__ram_vector_table__)?__VECTOR_RAM__:ORIGIN (m_interrupts)
                0x00000000                __RAM_VECTOR_TABLE_SIZE_BYTES = DEFINED (__ram_vector_table__)?(__interrupts_ram_end__ - __interrupts_ram_start__):0x0

.data           0x1fffe000       0x90 load address 0x000029dc
                0x1fffe000                . = ALIGN (0x4)
                0x1fffe000                __DATA_RAM = .
                0x1fffe000                __data_start__ = .
 *(.data)
 *(.data*)
 .data.GPIO1_Motor1
                0x1fffe000        0xc ./sources/gpio_robocol.o
                0x1fffe000                GPIO1_Motor1
 .data.GPIO2_Motor1
                0x1fffe00c        0xc ./sources/gpio_robocol.o
                0x1fffe00c                GPIO2_Motor1
 .data.GPIO9_Motor5
                0x1fffe018        0xc ./sources/gpio_robocol.o
                0x1fffe018                GPIO9_Motor5
 .data.s_slowIrcFreq
                0x1fffe024        0x4 ./drivers/fsl_clock.o
 .data.SystemCoreClock
                0x1fffe028        0x4 ./devices/system_MKL46Z4.o
                0x1fffe028                SystemCoreClock
 .data.impure_data
                0x1fffe02c       0x60 c:/freescale/kds_v3/toolchain/bin/../lib/gcc/arm-none-eabi/4.8.4/../../../../arm-none-eabi/lib/armv6-m\libg_s.a(lib_a-impure.o)
 *(.jcr*)
 .jcr           0x1fffe08c        0x0 c:/freescale/kds_v3/toolchain/bin/../lib/gcc/arm-none-eabi/4.8.4/armv6-m/crtbegin.o
 .jcr           0x1fffe08c        0x4 c:/freescale/kds_v3/toolchain/bin/../lib/gcc/arm-none-eabi/4.8.4/armv6-m/crtend.o
                0x1fffe090                . = ALIGN (0x4)
                0x1fffe090                __data_end__ = .
                0x00002a6c                __DATA_END = (__DATA_ROM + (__data_end__ - __data_start__))
                0x00040000                text_end = (ORIGIN (m_text) + 0x3fbf0)
                0x00000001                ASSERT ((__DATA_END <= text_end), region m_text overflowed with text and data)

.igot.plt       0x1fffe090        0x0 load address 0x00002a6c
 .igot.plt      0x00000000        0x0 c:/freescale/kds_v3/toolchain/bin/../lib/gcc/arm-none-eabi/4.8.4/armv6-m/crtbegin.o

.bss            0x1fffe090       0x48 load address 0x00002a6c
                0x1fffe090                . = ALIGN (0x4)
                0x1fffe090                __START_BSS = .
                0x1fffe090                __bss_start__ = .
 *(.bss)
 .bss           0x1fffe090       0x1c c:/freescale/kds_v3/toolchain/bin/../lib/gcc/arm-none-eabi/4.8.4/armv6-m/crtbegin.o
 *(.bss*)
 .bss.s_debugConsole
                0x1fffe0ac       0x10 ./utilities/fsl_debug_console.o
 .bss.g_xtal0Freq
                0x1fffe0bc        0x4 ./drivers/fsl_clock.o
                0x1fffe0bc                g_xtal0Freq
 .bss.s_lpsciHandle
                0x1fffe0c0        0x4 ./drivers/fsl_lpsci.o
 .bss.s_lpsciIsr
                0x1fffe0c4        0x4 ./drivers/fsl_lpsci.o
 .bss.s_uartHandle
                0x1fffe0c8        0xc ./drivers/fsl_uart.o
 .bss.s_uartIsr
                0x1fffe0d4        0x4 ./drivers/fsl_uart.o
 *(COMMON)
                0x1fffe0d8                . = ALIGN (0x4)
                0x1fffe0d8                __bss_end__ = .
                0x1fffe0d8                __END_BSS = .

.heap           0x1fffe0d8      0x400 load address 0x00002ab4
                0x1fffe0d8                . = ALIGN (0x8)
                0x1fffe0d8                __end__ = .
                0x1fffe0d8                PROVIDE (end, .)
                0x1fffe0d8                __HeapBase = .
                0x1fffe4d8                . = (. + HEAP_SIZE)
 *fill*         0x1fffe0d8      0x400 
                0x1fffe4d8                __HeapLimit = .
                0x1fffe4d8                __heap_limit = .

.stack          0x1fffe4d8      0x400 load address 0x00002eb4
                0x1fffe4d8                . = ALIGN (0x8)
                0x1fffe8d8                . = (. + STACK_SIZE)
 *fill*         0x1fffe4d8      0x400 
                0x20006000                __StackTop = (ORIGIN (m_data) + 0x8000)
                0x20005c00                __StackLimit = (__StackTop - STACK_SIZE)
                0x20006000                PROVIDE (__stack, __StackTop)

.ARM.attributes
                0x00000000       0x28
 *(.ARM.attributes)
 .ARM.attributes
                0x00000000       0x1e c:/freescale/kds_v3/toolchain/bin/../lib/gcc/arm-none-eabi/4.8.4/armv6-m/crti.o
 .ARM.attributes
                0x0000001e       0x2c c:/freescale/kds_v3/toolchain/bin/../lib/gcc/arm-none-eabi/4.8.4/armv6-m/crtbegin.o
 .ARM.attributes
                0x0000004a       0x1b c:/freescale/kds_v3/toolchain/bin/../lib/gcc/arm-none-eabi/4.8.4/../../../../arm-none-eabi/lib/armv6-m/crt0.o
 .ARM.attributes
                0x00000065       0x32 ./utilities/fsl_debug_console.o
 .ARM.attributes
                0x00000097       0x32 ./sources/board.o
 .ARM.attributes
                0x000000c9       0x32 ./sources/clock_config.o
 .ARM.attributes
                0x000000fb       0x32 ./sources/gpio_robocol.o
 .ARM.attributes
                0x0000012d       0x32 ./sources/pin_mux.o
 .ARM.attributes
                0x0000015f       0x32 ./sources/prueba_puente_h.o
 .ARM.attributes
                0x00000191       0x32 ./drivers/fsl_clock.o
 .ARM.attributes
                0x000001c3       0x32 ./drivers/fsl_common.o
 .ARM.attributes
                0x000001f5       0x32 ./drivers/fsl_lpsci.o
 .ARM.attributes
                0x00000227       0x32 ./drivers/fsl_uart.o
 .ARM.attributes
                0x00000259       0x1b ./devices/gcc/startup_MKL46Z4.o
 .ARM.attributes
                0x00000274       0x32 ./devices/system_MKL46Z4.o
 .ARM.attributes
                0x000002a6       0x2c c:/freescale/kds_v3/toolchain/bin/../lib/gcc/arm-none-eabi/4.8.4/../../../../arm-none-eabi/lib/armv6-m\libg_s.a(lib_a-exit.o)
 .ARM.attributes
                0x000002d2       0x2c c:/freescale/kds_v3/toolchain/bin/../lib/gcc/arm-none-eabi/4.8.4/../../../../arm-none-eabi/lib/armv6-m\libg_s.a(lib_a-impure.o)
 .ARM.attributes
                0x000002fe       0x2c c:/freescale/kds_v3/toolchain/bin/../lib/gcc/arm-none-eabi/4.8.4/../../../../arm-none-eabi/lib/armv6-m\libg_s.a(lib_a-init.o)
 .ARM.attributes
                0x0000032a       0x2c c:/freescale/kds_v3/toolchain/bin/../lib/gcc/arm-none-eabi/4.8.4/../../../../arm-none-eabi/lib/armv6-m\libg_s.a(lib_a-memcpy-stub.o)
 .ARM.attributes
                0x00000356       0x2c c:/freescale/kds_v3/toolchain/bin/../lib/gcc/arm-none-eabi/4.8.4/../../../../arm-none-eabi/lib/armv6-m\libg_s.a(lib_a-memset.o)
 .ARM.attributes
                0x00000382       0x2c c:/freescale/kds_v3/toolchain/bin/../lib/gcc/arm-none-eabi/4.8.4/../../../../arm-none-eabi/lib/armv6-m\libg_s.a(lib_a-strlen.o)
 .ARM.attributes
                0x000003ae       0x1e c:/freescale/kds_v3/toolchain/bin/../lib/gcc/arm-none-eabi/4.8.4/armv6-m\libgcc.a(_udivsi3.o)
 .ARM.attributes
                0x000003cc       0x1e c:/freescale/kds_v3/toolchain/bin/../lib/gcc/arm-none-eabi/4.8.4/armv6-m\libgcc.a(_divsi3.o)
 .ARM.attributes
                0x000003ea       0x1e c:/freescale/kds_v3/toolchain/bin/../lib/gcc/arm-none-eabi/4.8.4/armv6-m\libgcc.a(_dvmd_tls.o)
 .ARM.attributes
                0x00000408       0x2c c:/freescale/kds_v3/toolchain/bin/../lib/gcc/arm-none-eabi/4.8.4/../../../../arm-none-eabi/lib/armv6-m\libnosys.a(_exit.o)
 .ARM.attributes
                0x00000434       0x2c c:/freescale/kds_v3/toolchain/bin/../lib/gcc/arm-none-eabi/4.8.4/armv6-m/crtend.o
 .ARM.attributes
                0x00000460       0x1e c:/freescale/kds_v3/toolchain/bin/../lib/gcc/arm-none-eabi/4.8.4/armv6-m/crtn.o
                0x00000001                ASSERT ((__StackLimit >= __HeapLimit), region m_data overflowed with stack and heap)
OUTPUT(Puente_H.elf elf32-littlearm)

.debug_info     0x00000000     0x8642
 .debug_info    0x00000000      0xe18 ./utilities/fsl_debug_console.o
 .debug_info    0x00000e18      0x387 ./sources/board.o
 .debug_info    0x0000119f      0x9e1 ./sources/clock_config.o
 .debug_info    0x00001b80      0xabf ./sources/gpio_robocol.o
 .debug_info    0x0000263f      0x54b ./sources/pin_mux.o
 .debug_info    0x00002b8a      0xda9 ./sources/prueba_puente_h.o
 .debug_info    0x00003933     0x19be ./drivers/fsl_clock.o
 .debug_info    0x000052f1      0x430 ./drivers/fsl_common.o
 .debug_info    0x00005721     0x15ac ./drivers/fsl_lpsci.o
 .debug_info    0x00006ccd     0x1532 ./drivers/fsl_uart.o
 .debug_info    0x000081ff       0x7e ./devices/gcc/startup_MKL46Z4.o
 .debug_info    0x0000827d      0x3c5 ./devices/system_MKL46Z4.o

.debug_abbrev   0x00000000     0x15f1
 .debug_abbrev  0x00000000      0x251 ./utilities/fsl_debug_console.o
 .debug_abbrev  0x00000251      0x115 ./sources/board.o
 .debug_abbrev  0x00000366      0x1d4 ./sources/clock_config.o
 .debug_abbrev  0x0000053a      0x200 ./sources/gpio_robocol.o
 .debug_abbrev  0x0000073a      0x152 ./sources/pin_mux.o
 .debug_abbrev  0x0000088c      0x234 ./sources/prueba_puente_h.o
 .debug_abbrev  0x00000ac0      0x2de ./drivers/fsl_clock.o
 .debug_abbrev  0x00000d9e      0x21f ./drivers/fsl_common.o
 .debug_abbrev  0x00000fbd      0x281 ./drivers/fsl_lpsci.o
 .debug_abbrev  0x0000123e      0x299 ./drivers/fsl_uart.o
 .debug_abbrev  0x000014d7       0x14 ./devices/gcc/startup_MKL46Z4.o
 .debug_abbrev  0x000014eb      0x106 ./devices/system_MKL46Z4.o

.debug_aranges  0x00000000      0x708
 .debug_aranges
                0x00000000       0xa0 ./utilities/fsl_debug_console.o
 .debug_aranges
                0x000000a0       0x28 ./sources/board.o
 .debug_aranges
                0x000000c8       0x50 ./sources/clock_config.o
 .debug_aranges
                0x00000118       0xa8 ./sources/gpio_robocol.o
 .debug_aranges
                0x000001c0       0x30 ./sources/pin_mux.o
 .debug_aranges
                0x000001f0       0x78 ./sources/prueba_puente_h.o
 .debug_aranges
                0x00000268      0x1d8 ./drivers/fsl_clock.o
 .debug_aranges
                0x00000440       0x38 ./drivers/fsl_common.o
 .debug_aranges
                0x00000478      0x118 ./drivers/fsl_lpsci.o
 .debug_aranges
                0x00000590      0x130 ./drivers/fsl_uart.o
 .debug_aranges
                0x000006c0       0x20 ./devices/gcc/startup_MKL46Z4.o
 .debug_aranges
                0x000006e0       0x28 ./devices/system_MKL46Z4.o

.debug_ranges   0x00000000      0x638
 .debug_ranges  0x00000000       0x90 ./utilities/fsl_debug_console.o
 .debug_ranges  0x00000090       0x18 ./sources/board.o
 .debug_ranges  0x000000a8       0x40 ./sources/clock_config.o
 .debug_ranges  0x000000e8       0x98 ./sources/gpio_robocol.o
 .debug_ranges  0x00000180       0x20 ./sources/pin_mux.o
 .debug_ranges  0x000001a0       0x68 ./sources/prueba_puente_h.o
 .debug_ranges  0x00000208      0x1c8 ./drivers/fsl_clock.o
 .debug_ranges  0x000003d0       0x28 ./drivers/fsl_common.o
 .debug_ranges  0x000003f8      0x108 ./drivers/fsl_lpsci.o
 .debug_ranges  0x00000500      0x120 ./drivers/fsl_uart.o
 .debug_ranges  0x00000620       0x18 ./devices/system_MKL46Z4.o

.debug_line     0x00000000     0x2687
 .debug_line    0x00000000      0x569 ./utilities/fsl_debug_console.o
 .debug_line    0x00000569       0xe0 ./sources/board.o
 .debug_line    0x00000649      0x178 ./sources/clock_config.o
 .debug_line    0x000007c1      0x2b7 ./sources/gpio_robocol.o
 .debug_line    0x00000a78      0x10c ./sources/pin_mux.o
 .debug_line    0x00000b84      0x26d ./sources/prueba_puente_h.o
 .debug_line    0x00000df1      0x85d ./drivers/fsl_clock.o
 .debug_line    0x0000164e      0x1c3 ./drivers/fsl_common.o
 .debug_line    0x00001811      0x644 ./drivers/fsl_lpsci.o
 .debug_line    0x00001e55      0x654 ./drivers/fsl_uart.o
 .debug_line    0x000024a9       0xde ./devices/gcc/startup_MKL46Z4.o
 .debug_line    0x00002587      0x100 ./devices/system_MKL46Z4.o

.debug_str      0x00000000     0x3c95
 .debug_str     0x00000000      0xcc2 ./utilities/fsl_debug_console.o
                                0xd66 (size before relaxing)
 .debug_str     0x00000cc2      0x124 ./sources/board.o
                                0x31c (size before relaxing)
 .debug_str     0x00000de6      0x63b ./sources/clock_config.o
                                0xdba (size before relaxing)
 .debug_str     0x00001421      0x41e ./sources/gpio_robocol.o
                                0xae7 (size before relaxing)
 .debug_str     0x0000183f      0x1ce ./sources/pin_mux.o
                                0x5d3 (size before relaxing)
 .debug_str     0x00001a0d      0x2af ./sources/prueba_puente_h.o
                                0xdbf (size before relaxing)
 .debug_str     0x00001cbc      0xab4 ./drivers/fsl_clock.o
                               0x17e6 (size before relaxing)
 .debug_str     0x00002770      0x305 ./drivers/fsl_common.o
                                0x4fb (size before relaxing)
 .debug_str     0x00002a75      0x9b6 ./drivers/fsl_lpsci.o
                               0x15b9 (size before relaxing)
 .debug_str     0x0000342b      0x819 ./drivers/fsl_uart.o
                               0x15c5 (size before relaxing)
 .debug_str     0x00003c44       0x51 ./devices/system_MKL46Z4.o
                                0x324 (size before relaxing)

.comment        0x00000000       0x70
 .comment       0x00000000       0x70 ./utilities/fsl_debug_console.o
                                 0x71 (size before relaxing)
 .comment       0x00000000       0x71 ./sources/board.o
 .comment       0x00000000       0x71 ./sources/clock_config.o
 .comment       0x00000000       0x71 ./sources/gpio_robocol.o
 .comment       0x00000000       0x71 ./sources/pin_mux.o
 .comment       0x00000000       0x71 ./sources/prueba_puente_h.o
 .comment       0x00000000       0x71 ./drivers/fsl_clock.o
 .comment       0x00000000       0x71 ./drivers/fsl_common.o
 .comment       0x00000000       0x71 ./drivers/fsl_lpsci.o
 .comment       0x00000000       0x71 ./drivers/fsl_uart.o
 .comment       0x00000000       0x71 ./devices/system_MKL46Z4.o

.debug_frame    0x00000000     0x18e4
 .debug_frame   0x00000000      0x22c ./utilities/fsl_debug_console.o
 .debug_frame   0x0000022c       0x50 ./sources/board.o
 .debug_frame   0x0000027c       0xe4 ./sources/clock_config.o
 .debug_frame   0x00000360      0x250 ./sources/gpio_robocol.o
 .debug_frame   0x000005b0       0x6c ./sources/pin_mux.o
 .debug_frame   0x0000061c      0x18c ./sources/prueba_puente_h.o
 .debug_frame   0x000007a8      0x6d8 ./drivers/fsl_clock.o
 .debug_frame   0x00000e80       0x90 ./drivers/fsl_common.o
 .debug_frame   0x00000f10      0x40c ./drivers/fsl_lpsci.o
 .debug_frame   0x0000131c      0x460 ./drivers/fsl_uart.o
 .debug_frame   0x0000177c       0x4c ./devices/system_MKL46Z4.o
 .debug_frame   0x000017c8       0x28 c:/freescale/kds_v3/toolchain/bin/../lib/gcc/arm-none-eabi/4.8.4/../../../../arm-none-eabi/lib/armv6-m\libg_s.a(lib_a-exit.o)
 .debug_frame   0x000017f0       0x2c c:/freescale/kds_v3/toolchain/bin/../lib/gcc/arm-none-eabi/4.8.4/../../../../arm-none-eabi/lib/armv6-m\libg_s.a(lib_a-init.o)
 .debug_frame   0x0000181c       0x28 c:/freescale/kds_v3/toolchain/bin/../lib/gcc/arm-none-eabi/4.8.4/../../../../arm-none-eabi/lib/armv6-m\libg_s.a(lib_a-memcpy-stub.o)
 .debug_frame   0x00001844       0x20 c:/freescale/kds_v3/toolchain/bin/../lib/gcc/arm-none-eabi/4.8.4/../../../../arm-none-eabi/lib/armv6-m\libg_s.a(lib_a-memset.o)
 .debug_frame   0x00001864       0x20 c:/freescale/kds_v3/toolchain/bin/../lib/gcc/arm-none-eabi/4.8.4/../../../../arm-none-eabi/lib/armv6-m\libg_s.a(lib_a-strlen.o)
 .debug_frame   0x00001884       0x20 c:/freescale/kds_v3/toolchain/bin/../lib/gcc/arm-none-eabi/4.8.4/armv6-m\libgcc.a(_udivsi3.o)
 .debug_frame   0x000018a4       0x20 c:/freescale/kds_v3/toolchain/bin/../lib/gcc/arm-none-eabi/4.8.4/armv6-m\libgcc.a(_divsi3.o)
 .debug_frame   0x000018c4       0x20 c:/freescale/kds_v3/toolchain/bin/../lib/gcc/arm-none-eabi/4.8.4/../../../../arm-none-eabi/lib/armv6-m\libnosys.a(_exit.o)
